Archive member included to satisfy reference by file (symbol)

c:/intelfpga_lite/18.1/nios2eds/bin/gnu/h-x86_64-mingw32/bin/../lib/gcc/nios2-elf/5.3.0/mno-hw-mul\libgcc.a(lib2-mul.o)
                              obj/default/hello_world_small.o (__mulsi3)
../ADS131A0x_NIOS_bsp/\libhal_bsp.a(alt_iic.o)
                              obj/default/hello_world_small.o (alt_ic_isr_register)
../ADS131A0x_NIOS_bsp/\libhal_bsp.a(alt_iic_isr_register.o)
                              ../ADS131A0x_NIOS_bsp/\libhal_bsp.a(alt_iic.o) (alt_iic_isr_register)
../ADS131A0x_NIOS_bsp/\libhal_bsp.a(alt_irq_entry.o)
                              ../ADS131A0x_NIOS_bsp/\libhal_bsp.a(alt_iic_isr_register.o) (alt_irq_entry)
../ADS131A0x_NIOS_bsp/\libhal_bsp.a(alt_irq_handler.o)
                              ../ADS131A0x_NIOS_bsp/\libhal_bsp.a(alt_iic_isr_register.o) (alt_irq_handler)
../ADS131A0x_NIOS_bsp/\libhal_bsp.a(alt_irq_vars.o)
                              ../ADS131A0x_NIOS_bsp/\libhal_bsp.a(alt_iic.o) (alt_irq_active)
../ADS131A0x_NIOS_bsp/\libhal_bsp.a(alt_load.o)
                              ../ADS131A0x_NIOS_bsp//obj/HAL/src/crt0.o (alt_load)
../ADS131A0x_NIOS_bsp/\libhal_bsp.a(alt_main.o)
                              ../ADS131A0x_NIOS_bsp//obj/HAL/src/crt0.o (alt_main)
../ADS131A0x_NIOS_bsp/\libhal_bsp.a(alt_putstr.o)
                              obj/default/hello_world_small.o (alt_putstr)
../ADS131A0x_NIOS_bsp/\libhal_bsp.a(alt_usleep.o)
                              obj/default/hello_world_small.o (usleep)
../ADS131A0x_NIOS_bsp/\libhal_bsp.a(alt_sys_init.o)
                              ../ADS131A0x_NIOS_bsp/\libhal_bsp.a(alt_main.o) (alt_irq_init)
../ADS131A0x_NIOS_bsp/\libhal_bsp.a(altera_avalon_jtag_uart_fd.o)
                              ../ADS131A0x_NIOS_bsp/\libhal_bsp.a(alt_sys_init.o) (altera_avalon_jtag_uart_read_fd)
../ADS131A0x_NIOS_bsp/\libhal_bsp.a(altera_avalon_jtag_uart_init.o)
                              ../ADS131A0x_NIOS_bsp/\libhal_bsp.a(alt_sys_init.o) (altera_avalon_jtag_uart_init)
../ADS131A0x_NIOS_bsp/\libhal_bsp.a(altera_avalon_jtag_uart_ioctl.o)
                              ../ADS131A0x_NIOS_bsp/\libhal_bsp.a(altera_avalon_jtag_uart_fd.o) (altera_avalon_jtag_uart_ioctl)
../ADS131A0x_NIOS_bsp/\libhal_bsp.a(altera_avalon_jtag_uart_read.o)
                              ../ADS131A0x_NIOS_bsp/\libhal_bsp.a(altera_avalon_jtag_uart_fd.o) (altera_avalon_jtag_uart_read)
../ADS131A0x_NIOS_bsp/\libhal_bsp.a(altera_avalon_jtag_uart_write.o)
                              ../ADS131A0x_NIOS_bsp/\libhal_bsp.a(altera_avalon_jtag_uart_fd.o) (altera_avalon_jtag_uart_write)
../ADS131A0x_NIOS_bsp/\libhal_bsp.a(altera_avalon_spi.o)
                              obj/default/hello_world_small.o (alt_avalon_spi_command)
../ADS131A0x_NIOS_bsp/\libhal_bsp.a(alt_alarm_start.o)
                              ../ADS131A0x_NIOS_bsp/\libhal_bsp.a(altera_avalon_jtag_uart_init.o) (alt_alarm_start)
../ADS131A0x_NIOS_bsp/\libhal_bsp.a(alt_busy_sleep.o)
                              ../ADS131A0x_NIOS_bsp/\libhal_bsp.a(alt_usleep.o) (alt_busy_sleep)
../ADS131A0x_NIOS_bsp/\libhal_bsp.a(alt_dcache_flush_all.o)
                              ../ADS131A0x_NIOS_bsp/\libhal_bsp.a(alt_load.o) (alt_dcache_flush_all)
../ADS131A0x_NIOS_bsp/\libhal_bsp.a(alt_dev.o)
                              ../ADS131A0x_NIOS_bsp/\libhal_bsp.a(alt_sys_init.o) (alt_dev_list)
../ADS131A0x_NIOS_bsp/\libhal_bsp.a(alt_dev_llist_insert.o)
                              ../ADS131A0x_NIOS_bsp/\libhal_bsp.a(alt_sys_init.o) (alt_dev_llist_insert)
../ADS131A0x_NIOS_bsp/\libhal_bsp.a(alt_errno.o)
                              ../ADS131A0x_NIOS_bsp/\libhal_bsp.a(alt_dev_llist_insert.o) (alt_errno)
../ADS131A0x_NIOS_bsp/\libhal_bsp.a(alt_exception_entry.o)
                              ../ADS131A0x_NIOS_bsp/\libhal_bsp.a(alt_irq_entry.o) (alt_exception)
../ADS131A0x_NIOS_bsp/\libhal_bsp.a(alt_icache_flush_all.o)
                              ../ADS131A0x_NIOS_bsp/\libhal_bsp.a(alt_load.o) (alt_icache_flush_all)
../ADS131A0x_NIOS_bsp/\libhal_bsp.a(alt_instruction_exception_entry.o)
                              ../ADS131A0x_NIOS_bsp/\libhal_bsp.a(alt_exception_entry.o) (alt_instruction_exception_entry)
../ADS131A0x_NIOS_bsp/\libhal_bsp.a(alt_tick.o)
                              ../ADS131A0x_NIOS_bsp/\libhal_bsp.a(alt_alarm_start.o) (_alt_nticks)
../ADS131A0x_NIOS_bsp/\libhal_bsp.a(altera_nios2_gen2_irq.o)
                              ../ADS131A0x_NIOS_bsp/\libhal_bsp.a(alt_sys_init.o) (altera_nios2_gen2_irq_init)
c:/intelfpga_lite/18.1/nios2eds/bin/gnu/h-x86_64-mingw32/bin/../lib/gcc/nios2-elf/5.3.0/../../../../../H-x86_64-mingw32/nios2-elf/lib/mno-hw-mul\libsmallc.a(lib_a-fputs.o)
                              ../ADS131A0x_NIOS_bsp/\libhal_bsp.a(alt_putstr.o) (fputs)
c:/intelfpga_lite/18.1/nios2eds/bin/gnu/h-x86_64-mingw32/bin/../lib/gcc/nios2-elf/5.3.0/../../../../../H-x86_64-mingw32/nios2-elf/lib/mno-hw-mul\libsmallc.a(lib_a-fvwrite_small_dev.o)
                              c:/intelfpga_lite/18.1/nios2eds/bin/gnu/h-x86_64-mingw32/bin/../lib/gcc/nios2-elf/5.3.0/../../../../../H-x86_64-mingw32/nios2-elf/lib/mno-hw-mul\libsmallc.a(lib_a-fputs.o) (__sfvwrite_small_dev)
c:/intelfpga_lite/18.1/nios2eds/bin/gnu/h-x86_64-mingw32/bin/../lib/gcc/nios2-elf/5.3.0/../../../../../H-x86_64-mingw32/nios2-elf/lib/mno-hw-mul\libsmallc.a(lib_a-impure.o)
                              ../ADS131A0x_NIOS_bsp/\libhal_bsp.a(alt_putstr.o) (_impure_ptr)
c:/intelfpga_lite/18.1/nios2eds/bin/gnu/h-x86_64-mingw32/bin/../lib/gcc/nios2-elf/5.3.0/../../../../../H-x86_64-mingw32/nios2-elf/lib/mno-hw-mul\libsmallc.a(lib_a-int_errno.o)
                              ../ADS131A0x_NIOS_bsp/\libhal_bsp.a(alt_dev_llist_insert.o) (errno)
c:/intelfpga_lite/18.1/nios2eds/bin/gnu/h-x86_64-mingw32/bin/../lib/gcc/nios2-elf/5.3.0/../../../../../H-x86_64-mingw32/nios2-elf/lib/mno-hw-mul\libsmallc.a(lib_a-memcpy.o)
                              ../ADS131A0x_NIOS_bsp/\libhal_bsp.a(altera_avalon_jtag_uart_read.o) (memcpy)
c:/intelfpga_lite/18.1/nios2eds/bin/gnu/h-x86_64-mingw32/bin/../lib/gcc/nios2-elf/5.3.0/../../../../../H-x86_64-mingw32/nios2-elf/lib/mno-hw-mul\libsmallc.a(lib_a-strlen.o)
                              c:/intelfpga_lite/18.1/nios2eds/bin/gnu/h-x86_64-mingw32/bin/../lib/gcc/nios2-elf/5.3.0/../../../../../H-x86_64-mingw32/nios2-elf/lib/mno-hw-mul\libsmallc.a(lib_a-fputs.o) (strlen)
c:/intelfpga_lite/18.1/nios2eds/bin/gnu/h-x86_64-mingw32/bin/../lib/gcc/nios2-elf/5.3.0/../../../../../H-x86_64-mingw32/nios2-elf/lib/mno-hw-mul\libsmallc.a(lib_a-writer.o)
                              c:/intelfpga_lite/18.1/nios2eds/bin/gnu/h-x86_64-mingw32/bin/../lib/gcc/nios2-elf/5.3.0/../../../../../H-x86_64-mingw32/nios2-elf/lib/mno-hw-mul\libsmallc.a(lib_a-fvwrite_small_dev.o) (_write_r)
c:/intelfpga_lite/18.1/nios2eds/bin/gnu/h-x86_64-mingw32/bin/../lib/gcc/nios2-elf/5.3.0/mno-hw-mul\libgcc.a(lib2-divmod.o)
                              ../ADS131A0x_NIOS_bsp/\libhal_bsp.a(alt_busy_sleep.o) (__udivsi3)
../ADS131A0x_NIOS_bsp/\libhal_bsp.a(alt_write.o)
                              c:/intelfpga_lite/18.1/nios2eds/bin/gnu/h-x86_64-mingw32/bin/../lib/gcc/nios2-elf/5.3.0/../../../../../H-x86_64-mingw32/nios2-elf/lib/mno-hw-mul\libsmallc.a(lib_a-writer.o) (write)

Allocating common symbols
Common symbol       size              file

alt_irq             0x100             ../ADS131A0x_NIOS_bsp/\libhal_bsp.a(alt_irq_handler.o)
errno               0x4               c:/intelfpga_lite/18.1/nios2eds/bin/gnu/h-x86_64-mingw32/bin/../lib/gcc/nios2-elf/5.3.0/../../../../../H-x86_64-mingw32/nios2-elf/lib/mno-hw-mul\libsmallc.a(lib_a-int_errno.o)

Memory Configuration

Name             Origin             Length             Attributes
reset            0x0000000000010000 0x0000000000000020
RAM              0x0000000000010020 0x0000000000009fe0
*default*        0x0000000000000000 0xffffffffffffffff

Linker script and memory map

LOAD ../ADS131A0x_NIOS_bsp//obj/HAL/src/crt0.o
LOAD obj/default/hello_world_small.o
LOAD c:/intelfpga_lite/18.1/nios2eds/bin/gnu/h-x86_64-mingw32/bin/../lib/gcc/nios2-elf/5.3.0/../../../../../H-x86_64-mingw32/nios2-elf/lib/mno-hw-mul\libstdc++.a
LOAD c:/intelfpga_lite/18.1/nios2eds/bin/gnu/h-x86_64-mingw32/bin/../lib/gcc/nios2-elf/5.3.0/../../../../../H-x86_64-mingw32/nios2-elf/lib/mno-hw-mul\libm.a
LOAD c:/intelfpga_lite/18.1/nios2eds/bin/gnu/h-x86_64-mingw32/bin/../lib/gcc/nios2-elf/5.3.0/mno-hw-mul\libgcc.a
START GROUP
LOAD c:/intelfpga_lite/18.1/nios2eds/bin/gnu/h-x86_64-mingw32/bin/../lib/gcc/nios2-elf/5.3.0/../../../../../H-x86_64-mingw32/nios2-elf/lib/mno-hw-mul\libsmallc.a
LOAD c:/intelfpga_lite/18.1/nios2eds/bin/gnu/h-x86_64-mingw32/bin/../lib/gcc/nios2-elf/5.3.0/mno-hw-mul\libgcc.a
LOAD ../ADS131A0x_NIOS_bsp/\libhal_bsp.a
LOAD c:/intelfpga_lite/18.1/nios2eds/bin/gnu/h-x86_64-mingw32/bin/../lib/gcc/nios2-elf/5.3.0/../../../../../H-x86_64-mingw32/nios2-elf/lib/mno-hw-mul\libm.a
END GROUP
LOAD c:/intelfpga_lite/18.1/nios2eds/bin/gnu/h-x86_64-mingw32/bin/../lib/gcc/nios2-elf/5.3.0/mno-hw-mul\libgcc.a
                0x0000000000010000                __alt_mem_RAM = 0x10000

.entry          0x0000000000010000       0x20
 *(.entry)
 .entry         0x0000000000010000       0x20 ../ADS131A0x_NIOS_bsp//obj/HAL/src/crt0.o
                0x0000000000010000                __reset
                0x000000000001000c                _exit

.exceptions     0x0000000000010020      0x160
                0x0000000000010020                PROVIDE (__ram_exceptions_start, ABSOLUTE (.))
                0x0000000000010020                . = ALIGN (0x20)
 *(.irq)
 *(.exceptions.entry.label)
 .exceptions.entry.label
                0x0000000000010020        0x0 ../ADS131A0x_NIOS_bsp/\libhal_bsp.a(alt_irq_entry.o)
                0x0000000000010020                alt_irq_entry
 .exceptions.entry.label
                0x0000000000010020        0x0 ../ADS131A0x_NIOS_bsp/\libhal_bsp.a(alt_exception_entry.o)
                0x0000000000010020                alt_exception
 *(.exceptions.entry.user)
 *(.exceptions.entry.ecc_fatal)
 *(.exceptions.entry)
 .exceptions.entry
                0x0000000000010020       0x54 ../ADS131A0x_NIOS_bsp/\libhal_bsp.a(alt_exception_entry.o)
 *(.exceptions.irqtest.user)
 *(.exceptions.irqtest)
 .exceptions.irqtest
                0x0000000000010074       0x10 ../ADS131A0x_NIOS_bsp/\libhal_bsp.a(alt_irq_entry.o)
 *(.exceptions.irqhandler.user)
 *(.exceptions.irqhandler)
 .exceptions.irqhandler
                0x0000000000010084        0x4 ../ADS131A0x_NIOS_bsp/\libhal_bsp.a(alt_irq_entry.o)
 *(.exceptions.irqreturn.user)
 *(.exceptions.irqreturn)
 .exceptions.irqreturn
                0x0000000000010088        0x4 ../ADS131A0x_NIOS_bsp/\libhal_bsp.a(alt_irq_entry.o)
 *(.exceptions.notirq.label)
 .exceptions.notirq.label
                0x000000000001008c        0x0 ../ADS131A0x_NIOS_bsp/\libhal_bsp.a(alt_irq_entry.o)
 *(.exceptions.notirq.user)
 *(.exceptions.notirq)
 .exceptions.notirq
                0x000000000001008c        0x8 ../ADS131A0x_NIOS_bsp/\libhal_bsp.a(alt_exception_entry.o)
 *(.exceptions.soft.user)
 *(.exceptions.soft)
 *(.exceptions.unknown.user)
 *(.exceptions.unknown)
 .exceptions.unknown
                0x0000000000010094       0x14 ../ADS131A0x_NIOS_bsp/\libhal_bsp.a(alt_exception_entry.o)
 *(.exceptions.exit.label)
 .exceptions.exit.label
                0x00000000000100a8        0x0 ../ADS131A0x_NIOS_bsp/\libhal_bsp.a(alt_irq_entry.o)
 .exceptions.exit.label
                0x00000000000100a8        0x0 ../ADS131A0x_NIOS_bsp/\libhal_bsp.a(alt_exception_entry.o)
 *(.exceptions.exit.user)
 *(.exceptions.exit)
 .exceptions.exit
                0x00000000000100a8       0x54 ../ADS131A0x_NIOS_bsp/\libhal_bsp.a(alt_exception_entry.o)
 *(.exceptions)
 .exceptions    0x00000000000100fc       0x60 ../ADS131A0x_NIOS_bsp/\libhal_bsp.a(alt_irq_handler.o)
                0x00000000000100fc                alt_irq_handler
 .exceptions    0x000000000001015c       0x24 ../ADS131A0x_NIOS_bsp/\libhal_bsp.a(alt_instruction_exception_entry.o)
                0x000000000001015c                alt_instruction_exception_entry
                0x0000000000010180                PROVIDE (__ram_exceptions_end, ABSOLUTE (.))
                0x0000000000010020                PROVIDE (__flash_exceptions_start, LOADADDR (.exceptions))

.text           0x0000000000010180     0x1144
                [!provide]                        PROVIDE (stext, ABSOLUTE (.))
 *(.interp)
 *(.hash)
 *(.dynsym)
 *(.dynstr)
 *(.gnu.version)
 *(.gnu.version_d)
 *(.gnu.version_r)
 *(.rel.init)
 *(.rela.init)
 *(.rel.text .rel.text.* .rel.gnu.linkonce.t.*)
 *(.rela.text .rela.text.* .rela.gnu.linkonce.t.*)
 *(.rel.fini)
 *(.rela.fini)
 *(.rel.rodata .rel.rodata.* .rel.gnu.linkonce.r.*)
 *(.rela.rodata .rela.rodata.* .rela.gnu.linkonce.r.*)
 *(.rel.data .rel.data.* .rel.gnu.linkonce.d.*)
 *(.rela.data .rela.data.* .rela.gnu.linkonce.d.*)
 *(.rel.tdata .rel.tdata.* .rel.gnu.linkonce.td.*)
 *(.rela.tdata .rela.tdata.* .rela.gnu.linkonce.td.*)
 *(.rel.tbss .rel.tbss.* .rel.gnu.linkonce.tb.*)
 *(.rela.tbss .rela.tbss.* .rela.gnu.linkonce.tb.*)
 *(.rel.ctors)
 *(.rela.ctors)
 *(.rel.dtors)
 *(.rela.dtors)
 *(.rel.got)
 *(.rela.got)
 *(.rel.sdata .rel.sdata.* .rel.gnu.linkonce.s.*)
 *(.rela.sdata .rela.sdata.* .rela.gnu.linkonce.s.*)
 *(.rel.sbss .rel.sbss.* .rel.gnu.linkonce.sb.*)
 *(.rela.sbss .rela.sbss.* .rela.gnu.linkonce.sb.*)
 *(.rel.sdata2 .rel.sdata2.* .rel.gnu.linkonce.s2.*)
 *(.rela.sdata2 .rela.sdata2.* .rela.gnu.linkonce.s2.*)
 *(.rel.sbss2 .rel.sbss2.* .rel.gnu.linkonce.sb2.*)
 *(.rela.sbss2 .rela.sbss2.* .rela.gnu.linkonce.sb2.*)
 *(.rel.bss .rel.bss.* .rel.gnu.linkonce.b.*)
 *(.rela.bss .rela.bss.* .rela.gnu.linkonce.b.*)
 *(.rel.plt)
 *(.rela.plt)
 *(.rel.dyn)
 *(.init)
 *(.plt)
 *(.text .stub .text.* .gnu.linkonce.t.*)
 .text          0x0000000000010180       0x3c ../ADS131A0x_NIOS_bsp//obj/HAL/src/crt0.o
                0x0000000000010180                _start
 .text          0x00000000000101bc       0xec obj/default/hello_world_small.o
                0x00000000000101bc                timer_isr
                0x00000000000101f8                init_timer
                0x0000000000010238                spi_command
                0x0000000000010288                delay_ms
 .text.startup  0x00000000000102a8       0x34 obj/default/hello_world_small.o
                0x00000000000102a8                main
 .text          0x00000000000102dc       0x28 c:/intelfpga_lite/18.1/nios2eds/bin/gnu/h-x86_64-mingw32/bin/../lib/gcc/nios2-elf/5.3.0/mno-hw-mul\libgcc.a(lib2-mul.o)
                0x00000000000102dc                __mulsi3
 .text          0x0000000000010304       0x8c ../ADS131A0x_NIOS_bsp/\libhal_bsp.a(alt_iic.o)
                0x0000000000010304                alt_ic_isr_register
                0x0000000000010308                alt_ic_irq_enable
                0x0000000000010340                alt_ic_irq_disable
                0x0000000000010378                alt_ic_irq_enabled
 .text          0x0000000000010390       0x68 ../ADS131A0x_NIOS_bsp/\libhal_bsp.a(alt_iic_isr_register.o)
                0x0000000000010390                alt_iic_isr_register
 .text          0x00000000000103f8        0x0 ../ADS131A0x_NIOS_bsp/\libhal_bsp.a(alt_irq_entry.o)
 .text          0x00000000000103f8        0x0 ../ADS131A0x_NIOS_bsp/\libhal_bsp.a(alt_irq_handler.o)
 .text          0x00000000000103f8        0x0 ../ADS131A0x_NIOS_bsp/\libhal_bsp.a(alt_irq_vars.o)
 .text          0x00000000000103f8       0xe0 ../ADS131A0x_NIOS_bsp/\libhal_bsp.a(alt_load.o)
                0x00000000000103f8                alt_load
 .text          0x00000000000104d8       0x2c ../ADS131A0x_NIOS_bsp/\libhal_bsp.a(alt_main.o)
                0x00000000000104d8                alt_main
 .text          0x0000000000010504        0xc ../ADS131A0x_NIOS_bsp/\libhal_bsp.a(alt_putstr.o)
                0x0000000000010504                alt_putstr
 .text          0x0000000000010510        0x4 ../ADS131A0x_NIOS_bsp/\libhal_bsp.a(alt_usleep.o)
                0x0000000000010510                usleep
 .text          0x0000000000010514       0x5c ../ADS131A0x_NIOS_bsp/\libhal_bsp.a(alt_sys_init.o)
                0x0000000000010514                alt_irq_init
                0x0000000000010534                alt_sys_init
 .text          0x0000000000010570       0x3c ../ADS131A0x_NIOS_bsp/\libhal_bsp.a(altera_avalon_jtag_uart_fd.o)
                0x0000000000010570                altera_avalon_jtag_uart_read_fd
                0x0000000000010580                altera_avalon_jtag_uart_write_fd
                0x0000000000010590                altera_avalon_jtag_uart_close_fd
                0x00000000000105a0                altera_avalon_jtag_uart_ioctl_fd
 .text          0x00000000000105ac      0x1d8 ../ADS131A0x_NIOS_bsp/\libhal_bsp.a(altera_avalon_jtag_uart_init.o)
                0x00000000000106dc                altera_avalon_jtag_uart_init
                0x0000000000010754                altera_avalon_jtag_uart_close
 .text          0x0000000000010784       0x74 ../ADS131A0x_NIOS_bsp/\libhal_bsp.a(altera_avalon_jtag_uart_ioctl.o)
                0x0000000000010784                altera_avalon_jtag_uart_ioctl
 .text          0x00000000000107f8      0x140 ../ADS131A0x_NIOS_bsp/\libhal_bsp.a(altera_avalon_jtag_uart_read.o)
                0x00000000000107f8                altera_avalon_jtag_uart_read
 .text          0x0000000000010938      0x170 ../ADS131A0x_NIOS_bsp/\libhal_bsp.a(altera_avalon_jtag_uart_write.o)
                0x0000000000010938                altera_avalon_jtag_uart_write
 .text          0x0000000000010aa8       0xe8 ../ADS131A0x_NIOS_bsp/\libhal_bsp.a(altera_avalon_spi.o)
                0x0000000000010aa8                alt_avalon_spi_command
 .text          0x0000000000010b90       0x80 ../ADS131A0x_NIOS_bsp/\libhal_bsp.a(alt_alarm_start.o)
                0x0000000000010b90                alt_alarm_start
 .text          0x0000000000010c10       0x88 ../ADS131A0x_NIOS_bsp/\libhal_bsp.a(alt_busy_sleep.o)
                0x0000000000010c10                alt_busy_sleep
 .text          0x0000000000010c98        0x4 ../ADS131A0x_NIOS_bsp/\libhal_bsp.a(alt_dcache_flush_all.o)
                0x0000000000010c98                alt_dcache_flush_all
 .text          0x0000000000010c9c        0x8 ../ADS131A0x_NIOS_bsp/\libhal_bsp.a(alt_dev.o)
 .text          0x0000000000010ca4       0x6c ../ADS131A0x_NIOS_bsp/\libhal_bsp.a(alt_dev_llist_insert.o)
                0x0000000000010ca4                alt_dev_llist_insert
 .text          0x0000000000010d10        0x0 ../ADS131A0x_NIOS_bsp/\libhal_bsp.a(alt_errno.o)
 .text          0x0000000000010d10        0x0 ../ADS131A0x_NIOS_bsp/\libhal_bsp.a(alt_exception_entry.o)
 .text          0x0000000000010d10        0x4 ../ADS131A0x_NIOS_bsp/\libhal_bsp.a(alt_icache_flush_all.o)
                0x0000000000010d10                alt_icache_flush_all
 .text          0x0000000000010d14       0x74 ../ADS131A0x_NIOS_bsp/\libhal_bsp.a(alt_instruction_exception_entry.o)
                0x0000000000010d14                alt_exception_cause_generated_bad_addr
 .text          0x0000000000010d88       0xec ../ADS131A0x_NIOS_bsp/\libhal_bsp.a(alt_tick.o)
                0x0000000000010d88                alt_alarm_stop
                0x0000000000010dbc                alt_tick
 .text          0x0000000000010e74        0x8 ../ADS131A0x_NIOS_bsp/\libhal_bsp.a(altera_nios2_gen2_irq.o)
                0x0000000000010e74                altera_nios2_gen2_irq_init
 .text          0x0000000000010e7c        0x0 c:/intelfpga_lite/18.1/nios2eds/bin/gnu/h-x86_64-mingw32/bin/../lib/gcc/nios2-elf/5.3.0/../../../../../H-x86_64-mingw32/nios2-elf/lib/mno-hw-mul\libsmallc.a(lib_a-fputs.o)
 .text.fputs    0x0000000000010e7c       0x58 c:/intelfpga_lite/18.1/nios2eds/bin/gnu/h-x86_64-mingw32/bin/../lib/gcc/nios2-elf/5.3.0/../../../../../H-x86_64-mingw32/nios2-elf/lib/mno-hw-mul\libsmallc.a(lib_a-fputs.o)
                0x0000000000010e7c                fputs
 .text          0x0000000000010ed4        0x0 c:/intelfpga_lite/18.1/nios2eds/bin/gnu/h-x86_64-mingw32/bin/../lib/gcc/nios2-elf/5.3.0/../../../../../H-x86_64-mingw32/nios2-elf/lib/mno-hw-mul\libsmallc.a(lib_a-fvwrite_small_dev.o)
 .text.__sfvwrite_small_dev
                0x0000000000010ed4       0xb8 c:/intelfpga_lite/18.1/nios2eds/bin/gnu/h-x86_64-mingw32/bin/../lib/gcc/nios2-elf/5.3.0/../../../../../H-x86_64-mingw32/nios2-elf/lib/mno-hw-mul\libsmallc.a(lib_a-fvwrite_small_dev.o)
                0x0000000000010ed4                __sfvwrite_small_dev
 .text          0x0000000000010f8c        0x0 c:/intelfpga_lite/18.1/nios2eds/bin/gnu/h-x86_64-mingw32/bin/../lib/gcc/nios2-elf/5.3.0/../../../../../H-x86_64-mingw32/nios2-elf/lib/mno-hw-mul\libsmallc.a(lib_a-impure.o)
 .text          0x0000000000010f8c        0x0 c:/intelfpga_lite/18.1/nios2eds/bin/gnu/h-x86_64-mingw32/bin/../lib/gcc/nios2-elf/5.3.0/../../../../../H-x86_64-mingw32/nios2-elf/lib/mno-hw-mul\libsmallc.a(lib_a-int_errno.o)
 .text          0x0000000000010f8c        0x0 c:/intelfpga_lite/18.1/nios2eds/bin/gnu/h-x86_64-mingw32/bin/../lib/gcc/nios2-elf/5.3.0/../../../../../H-x86_64-mingw32/nios2-elf/lib/mno-hw-mul\libsmallc.a(lib_a-memcpy.o)
 .text.memcpy   0x0000000000010f8c       0x28 c:/intelfpga_lite/18.1/nios2eds/bin/gnu/h-x86_64-mingw32/bin/../lib/gcc/nios2-elf/5.3.0/../../../../../H-x86_64-mingw32/nios2-elf/lib/mno-hw-mul\libsmallc.a(lib_a-memcpy.o)
                0x0000000000010f8c                memcpy
 .text          0x0000000000010fb4        0x0 c:/intelfpga_lite/18.1/nios2eds/bin/gnu/h-x86_64-mingw32/bin/../lib/gcc/nios2-elf/5.3.0/../../../../../H-x86_64-mingw32/nios2-elf/lib/mno-hw-mul\libsmallc.a(lib_a-strlen.o)
 .text.strlen   0x0000000000010fb4       0x1c c:/intelfpga_lite/18.1/nios2eds/bin/gnu/h-x86_64-mingw32/bin/../lib/gcc/nios2-elf/5.3.0/../../../../../H-x86_64-mingw32/nios2-elf/lib/mno-hw-mul\libsmallc.a(lib_a-strlen.o)
                0x0000000000010fb4                strlen
 .text          0x0000000000010fd0        0x0 c:/intelfpga_lite/18.1/nios2eds/bin/gnu/h-x86_64-mingw32/bin/../lib/gcc/nios2-elf/5.3.0/../../../../../H-x86_64-mingw32/nios2-elf/lib/mno-hw-mul\libsmallc.a(lib_a-writer.o)
 .text._write_r
                0x0000000000010fd0       0x58 c:/intelfpga_lite/18.1/nios2eds/bin/gnu/h-x86_64-mingw32/bin/../lib/gcc/nios2-elf/5.3.0/../../../../../H-x86_64-mingw32/nios2-elf/lib/mno-hw-mul\libsmallc.a(lib_a-writer.o)
                0x0000000000010fd0                _write_r
 .text          0x0000000000011028      0x1b4 c:/intelfpga_lite/18.1/nios2eds/bin/gnu/h-x86_64-mingw32/bin/../lib/gcc/nios2-elf/5.3.0/mno-hw-mul\libgcc.a(lib2-divmod.o)
                0x0000000000011028                __divsi3
                0x00000000000110ac                __modsi3
                0x0000000000011120                __udivsi3
                0x0000000000011184                __umodsi3
 .text          0x00000000000111dc       0xe8 ../ADS131A0x_NIOS_bsp/\libhal_bsp.a(alt_write.o)
                0x00000000000111f0                write
 *(.gnu.warning.*)
 *(.fini)
                [!provide]                        PROVIDE (__etext, ABSOLUTE (.))
                [!provide]                        PROVIDE (_etext, ABSOLUTE (.))
                [!provide]                        PROVIDE (etext, ABSOLUTE (.))
 *(.eh_frame_hdr)
                0x00000000000112c4                . = ALIGN (0x4)
                [!provide]                        PROVIDE (__preinit_array_start, ABSOLUTE (.))
 *(.preinit_array)
                [!provide]                        PROVIDE (__preinit_array_end, ABSOLUTE (.))
                [!provide]                        PROVIDE (__init_array_start, ABSOLUTE (.))
 *(.init_array)
                [!provide]                        PROVIDE (__init_array_end, ABSOLUTE (.))
                [!provide]                        PROVIDE (__fini_array_start, ABSOLUTE (.))
 *(.fini_array)
                [!provide]                        PROVIDE (__fini_array_end, ABSOLUTE (.))
 *(.eh_frame)
 *(.gcc_except_table .gcc_except_table.*)
 *(.dynamic)
                [!provide]                        PROVIDE (__CTOR_LIST__, ABSOLUTE (.))
 *(.ctors)
 *(SORT(.ctors.*))
                [!provide]                        PROVIDE (__CTOR_END__, ABSOLUTE (.))
                [!provide]                        PROVIDE (__DTOR_LIST__, ABSOLUTE (.))
 *(.dtors)
 *(SORT(.dtors.*))
                [!provide]                        PROVIDE (__DTOR_END__, ABSOLUTE (.))
 *(.jcr)
                0x00000000000112c4                . = ALIGN (0x4)

.rodata         0x00000000000112c4       0x48
                0x00000000000112c4                PROVIDE (__ram_rodata_start, ABSOLUTE (.))
                0x00000000000112c4                . = ALIGN (0x4)
 *(.rodata .rodata.* .gnu.linkonce.r.*)
 .rodata.str1.4
                0x00000000000112c4       0x2d obj/default/hello_world_small.o
 *fill*         0x00000000000112f1        0x3 
 .rodata.str1.4
                0x00000000000112f4        0xb ../ADS131A0x_NIOS_bsp/\libhal_bsp.a(alt_sys_init.o)
 *fill*         0x00000000000112ff        0x1 
 .rodata.str1.4
                0x0000000000011300        0xc ../ADS131A0x_NIOS_bsp/\libhal_bsp.a(alt_dev.o)
                                          0xa (size before relaxing)
 *(.rodata1)
                0x000000000001130c                . = ALIGN (0x4)
                0x000000000001130c                PROVIDE (__ram_rodata_end, ABSOLUTE (.))
                0x00000000000112c4                PROVIDE (__flash_rodata_start, LOADADDR (.rodata))

.rwdata         0x000000000001130c     0x11c4 load address 0x00000000000124d0
                0x000000000001130c                PROVIDE (__ram_rwdata_start, ABSOLUTE (.))
                0x000000000001130c                . = ALIGN (0x4)
 *(.got.plt)
 *(.got)
 *(.data1)
 *(.data .data.* .gnu.linkonce.d.*)
 .data          0x000000000001130c        0x0 ../ADS131A0x_NIOS_bsp//obj/HAL/src/crt0.o
 .data          0x000000000001130c        0x0 obj/default/hello_world_small.o
 .data          0x000000000001130c        0x0 c:/intelfpga_lite/18.1/nios2eds/bin/gnu/h-x86_64-mingw32/bin/../lib/gcc/nios2-elf/5.3.0/mno-hw-mul\libgcc.a(lib2-mul.o)
 .data          0x000000000001130c        0x0 ../ADS131A0x_NIOS_bsp/\libhal_bsp.a(alt_iic.o)
 .data          0x000000000001130c        0x0 ../ADS131A0x_NIOS_bsp/\libhal_bsp.a(alt_iic_isr_register.o)
 .data          0x000000000001130c        0x0 ../ADS131A0x_NIOS_bsp/\libhal_bsp.a(alt_irq_entry.o)
 .data          0x000000000001130c        0x0 ../ADS131A0x_NIOS_bsp/\libhal_bsp.a(alt_irq_handler.o)
 .data          0x000000000001130c        0x0 ../ADS131A0x_NIOS_bsp/\libhal_bsp.a(alt_irq_vars.o)
 .data          0x000000000001130c        0x0 ../ADS131A0x_NIOS_bsp/\libhal_bsp.a(alt_load.o)
 .data          0x000000000001130c        0x0 ../ADS131A0x_NIOS_bsp/\libhal_bsp.a(alt_main.o)
 .data          0x000000000001130c        0x0 ../ADS131A0x_NIOS_bsp/\libhal_bsp.a(alt_putstr.o)
 .data          0x000000000001130c        0x0 ../ADS131A0x_NIOS_bsp/\libhal_bsp.a(alt_usleep.o)
 .data          0x000000000001130c     0x1060 ../ADS131A0x_NIOS_bsp/\libhal_bsp.a(alt_sys_init.o)
 .data          0x000000000001236c        0x0 ../ADS131A0x_NIOS_bsp/\libhal_bsp.a(altera_avalon_jtag_uart_fd.o)
 .data          0x000000000001236c        0x0 ../ADS131A0x_NIOS_bsp/\libhal_bsp.a(altera_avalon_jtag_uart_init.o)
 .data          0x000000000001236c        0x0 ../ADS131A0x_NIOS_bsp/\libhal_bsp.a(altera_avalon_jtag_uart_ioctl.o)
 .data          0x000000000001236c        0x0 ../ADS131A0x_NIOS_bsp/\libhal_bsp.a(altera_avalon_jtag_uart_read.o)
 .data          0x000000000001236c        0x0 ../ADS131A0x_NIOS_bsp/\libhal_bsp.a(altera_avalon_jtag_uart_write.o)
 .data          0x000000000001236c        0x0 ../ADS131A0x_NIOS_bsp/\libhal_bsp.a(altera_avalon_spi.o)
 .data          0x000000000001236c        0x0 ../ADS131A0x_NIOS_bsp/\libhal_bsp.a(alt_alarm_start.o)
 .data          0x000000000001236c        0x0 ../ADS131A0x_NIOS_bsp/\libhal_bsp.a(alt_busy_sleep.o)
 .data          0x000000000001236c        0x0 ../ADS131A0x_NIOS_bsp/\libhal_bsp.a(alt_dcache_flush_all.o)
 .data          0x000000000001236c       0x58 ../ADS131A0x_NIOS_bsp/\libhal_bsp.a(alt_dev.o)
                0x000000000001236c                alt_fd_list
                0x000000000001239c                alt_dev_null
 .data          0x00000000000123c4        0x0 ../ADS131A0x_NIOS_bsp/\libhal_bsp.a(alt_dev_llist_insert.o)
 .data          0x00000000000123c4        0x0 ../ADS131A0x_NIOS_bsp/\libhal_bsp.a(alt_errno.o)
 .data          0x00000000000123c4        0x0 ../ADS131A0x_NIOS_bsp/\libhal_bsp.a(alt_exception_entry.o)
 .data          0x00000000000123c4        0x0 ../ADS131A0x_NIOS_bsp/\libhal_bsp.a(alt_icache_flush_all.o)
 .data          0x00000000000123c4        0x0 ../ADS131A0x_NIOS_bsp/\libhal_bsp.a(alt_instruction_exception_entry.o)
 .data          0x00000000000123c4        0x0 ../ADS131A0x_NIOS_bsp/\libhal_bsp.a(alt_tick.o)
 .data          0x00000000000123c4        0x0 ../ADS131A0x_NIOS_bsp/\libhal_bsp.a(altera_nios2_gen2_irq.o)
 .data          0x00000000000123c4        0x0 c:/intelfpga_lite/18.1/nios2eds/bin/gnu/h-x86_64-mingw32/bin/../lib/gcc/nios2-elf/5.3.0/../../../../../H-x86_64-mingw32/nios2-elf/lib/mno-hw-mul\libsmallc.a(lib_a-fputs.o)
 .data          0x00000000000123c4        0x0 c:/intelfpga_lite/18.1/nios2eds/bin/gnu/h-x86_64-mingw32/bin/../lib/gcc/nios2-elf/5.3.0/../../../../../H-x86_64-mingw32/nios2-elf/lib/mno-hw-mul\libsmallc.a(lib_a-fvwrite_small_dev.o)
 .data          0x00000000000123c4        0x0 c:/intelfpga_lite/18.1/nios2eds/bin/gnu/h-x86_64-mingw32/bin/../lib/gcc/nios2-elf/5.3.0/../../../../../H-x86_64-mingw32/nios2-elf/lib/mno-hw-mul\libsmallc.a(lib_a-impure.o)
 .data.impure_data
                0x00000000000123c4       0xe0 c:/intelfpga_lite/18.1/nios2eds/bin/gnu/h-x86_64-mingw32/bin/../lib/gcc/nios2-elf/5.3.0/../../../../../H-x86_64-mingw32/nios2-elf/lib/mno-hw-mul\libsmallc.a(lib_a-impure.o)
 .data          0x00000000000124a4        0x0 c:/intelfpga_lite/18.1/nios2eds/bin/gnu/h-x86_64-mingw32/bin/../lib/gcc/nios2-elf/5.3.0/../../../../../H-x86_64-mingw32/nios2-elf/lib/mno-hw-mul\libsmallc.a(lib_a-int_errno.o)
 .data          0x00000000000124a4        0x0 c:/intelfpga_lite/18.1/nios2eds/bin/gnu/h-x86_64-mingw32/bin/../lib/gcc/nios2-elf/5.3.0/../../../../../H-x86_64-mingw32/nios2-elf/lib/mno-hw-mul\libsmallc.a(lib_a-memcpy.o)
 .data          0x00000000000124a4        0x0 c:/intelfpga_lite/18.1/nios2eds/bin/gnu/h-x86_64-mingw32/bin/../lib/gcc/nios2-elf/5.3.0/../../../../../H-x86_64-mingw32/nios2-elf/lib/mno-hw-mul\libsmallc.a(lib_a-strlen.o)
 .data          0x00000000000124a4        0x0 c:/intelfpga_lite/18.1/nios2eds/bin/gnu/h-x86_64-mingw32/bin/../lib/gcc/nios2-elf/5.3.0/../../../../../H-x86_64-mingw32/nios2-elf/lib/mno-hw-mul\libsmallc.a(lib_a-writer.o)
 .data          0x00000000000124a4        0x0 c:/intelfpga_lite/18.1/nios2eds/bin/gnu/h-x86_64-mingw32/bin/../lib/gcc/nios2-elf/5.3.0/mno-hw-mul\libgcc.a(lib2-divmod.o)
 .data          0x00000000000124a4        0x0 ../ADS131A0x_NIOS_bsp/\libhal_bsp.a(alt_write.o)
                0x000000000001a4a4                _gp = ABSOLUTE ((. + 0x8000))
                [!provide]                        PROVIDE (gp, _gp)
 *(.rwdata .rwdata.*)
 *(.sdata .sdata.* .gnu.linkonce.s.*)
 .sdata         0x00000000000124a4        0x4 ../ADS131A0x_NIOS_bsp/\libhal_bsp.a(alt_irq_vars.o)
                0x00000000000124a4                alt_priority_mask
 .sdata         0x00000000000124a8       0x14 ../ADS131A0x_NIOS_bsp/\libhal_bsp.a(alt_dev.o)
                0x00000000000124a8                alt_max_fd
                0x00000000000124ac                alt_dev_list
                0x00000000000124b4                alt_fs_list
 .sdata         0x00000000000124bc        0x4 ../ADS131A0x_NIOS_bsp/\libhal_bsp.a(alt_errno.o)
                0x00000000000124bc                alt_errno
 .sdata         0x00000000000124c0        0x8 ../ADS131A0x_NIOS_bsp/\libhal_bsp.a(alt_tick.o)
                0x00000000000124c0                alt_alarm_list
 .sdata._global_impure_ptr
                0x00000000000124c8        0x4 c:/intelfpga_lite/18.1/nios2eds/bin/gnu/h-x86_64-mingw32/bin/../lib/gcc/nios2-elf/5.3.0/../../../../../H-x86_64-mingw32/nios2-elf/lib/mno-hw-mul\libsmallc.a(lib_a-impure.o)
                0x00000000000124c8                _global_impure_ptr
 .sdata._impure_ptr
                0x00000000000124cc        0x4 c:/intelfpga_lite/18.1/nios2eds/bin/gnu/h-x86_64-mingw32/bin/../lib/gcc/nios2-elf/5.3.0/../../../../../H-x86_64-mingw32/nios2-elf/lib/mno-hw-mul\libsmallc.a(lib_a-impure.o)
                0x00000000000124cc                _impure_ptr
 *(.sdata2 .sdata2.* .gnu.linkonce.s2.*)
                0x00000000000124d0                . = ALIGN (0x4)
                0x00000000000124d0                _edata = ABSOLUTE (.)
                [!provide]                        PROVIDE (edata, ABSOLUTE (.))
                0x00000000000124d0                PROVIDE (__ram_rwdata_end, ABSOLUTE (.))
                0x00000000000124d0                PROVIDE (__flash_rwdata_start, LOADADDR (.rwdata))

.bss            0x0000000000013694      0x124
                0x0000000000013694                __bss_start = ABSOLUTE (.)
                [!provide]                        PROVIDE (__sbss_start, ABSOLUTE (.))
                [!provide]                        PROVIDE (___sbss_start, ABSOLUTE (.))
 *(.dynsbss)
 *(.sbss .sbss.* .gnu.linkonce.sb.*)
 .sbss          0x0000000000013694        0x4 obj/default/hello_world_small.o
 .sbss          0x0000000000013698        0x4 ../ADS131A0x_NIOS_bsp/\libhal_bsp.a(alt_irq_vars.o)
                0x0000000000013698                alt_irq_active
 .sbss          0x000000000001369c        0xc ../ADS131A0x_NIOS_bsp/\libhal_bsp.a(alt_main.o)
                0x000000000001369c                alt_envp
                0x00000000000136a0                alt_argv
                0x00000000000136a4                alt_argc
 .sbss          0x00000000000136a8        0x4 ../ADS131A0x_NIOS_bsp/\libhal_bsp.a(alt_instruction_exception_entry.o)
                0x00000000000136a8                alt_instruction_exception_handler
 .sbss          0x00000000000136ac        0x8 ../ADS131A0x_NIOS_bsp/\libhal_bsp.a(alt_tick.o)
                0x00000000000136ac                _alt_nticks
                0x00000000000136b0                _alt_tick_rate
 .sbss          0x00000000000136b4        0x4 c:/intelfpga_lite/18.1/nios2eds/bin/gnu/h-x86_64-mingw32/bin/../lib/gcc/nios2-elf/5.3.0/../../../../../H-x86_64-mingw32/nios2-elf/lib/mno-hw-mul\libsmallc.a(lib_a-int_errno.o)
                0x00000000000136b4                errno
 *(.sbss2 .sbss2.* .gnu.linkonce.sb2.*)
 *(.scommon)
                [!provide]                        PROVIDE (__sbss_end, ABSOLUTE (.))
                [!provide]                        PROVIDE (___sbss_end, ABSOLUTE (.))
 *(.dynbss)
 *(.bss .bss.* .gnu.linkonce.b.*)
 .bss           0x00000000000136b8        0x0 ../ADS131A0x_NIOS_bsp//obj/HAL/src/crt0.o
 .bss           0x00000000000136b8        0x0 obj/default/hello_world_small.o
 .bss           0x00000000000136b8        0x0 c:/intelfpga_lite/18.1/nios2eds/bin/gnu/h-x86_64-mingw32/bin/../lib/gcc/nios2-elf/5.3.0/mno-hw-mul\libgcc.a(lib2-mul.o)
 .bss           0x00000000000136b8        0x0 ../ADS131A0x_NIOS_bsp/\libhal_bsp.a(alt_iic.o)
 .bss           0x00000000000136b8        0x0 ../ADS131A0x_NIOS_bsp/\libhal_bsp.a(alt_iic_isr_register.o)
 .bss           0x00000000000136b8        0x0 ../ADS131A0x_NIOS_bsp/\libhal_bsp.a(alt_irq_entry.o)
 .bss           0x00000000000136b8        0x0 ../ADS131A0x_NIOS_bsp/\libhal_bsp.a(alt_irq_handler.o)
 .bss           0x00000000000136b8        0x0 ../ADS131A0x_NIOS_bsp/\libhal_bsp.a(alt_irq_vars.o)
 .bss           0x00000000000136b8        0x0 ../ADS131A0x_NIOS_bsp/\libhal_bsp.a(alt_load.o)
 .bss           0x00000000000136b8        0x0 ../ADS131A0x_NIOS_bsp/\libhal_bsp.a(alt_main.o)
 .bss           0x00000000000136b8        0x0 ../ADS131A0x_NIOS_bsp/\libhal_bsp.a(alt_putstr.o)
 .bss           0x00000000000136b8        0x0 ../ADS131A0x_NIOS_bsp/\libhal_bsp.a(alt_usleep.o)
 .bss           0x00000000000136b8        0x0 ../ADS131A0x_NIOS_bsp/\libhal_bsp.a(alt_sys_init.o)
 .bss           0x00000000000136b8        0x0 ../ADS131A0x_NIOS_bsp/\libhal_bsp.a(altera_avalon_jtag_uart_fd.o)
 .bss           0x00000000000136b8        0x0 ../ADS131A0x_NIOS_bsp/\libhal_bsp.a(altera_avalon_jtag_uart_init.o)
 .bss           0x00000000000136b8        0x0 ../ADS131A0x_NIOS_bsp/\libhal_bsp.a(altera_avalon_jtag_uart_ioctl.o)
 .bss           0x00000000000136b8        0x0 ../ADS131A0x_NIOS_bsp/\libhal_bsp.a(altera_avalon_jtag_uart_read.o)
 .bss           0x00000000000136b8        0x0 ../ADS131A0x_NIOS_bsp/\libhal_bsp.a(altera_avalon_jtag_uart_write.o)
 .bss           0x00000000000136b8        0x0 ../ADS131A0x_NIOS_bsp/\libhal_bsp.a(altera_avalon_spi.o)
 .bss           0x00000000000136b8        0x0 ../ADS131A0x_NIOS_bsp/\libhal_bsp.a(alt_alarm_start.o)
 .bss           0x00000000000136b8        0x0 ../ADS131A0x_NIOS_bsp/\libhal_bsp.a(alt_busy_sleep.o)
 .bss           0x00000000000136b8        0x0 ../ADS131A0x_NIOS_bsp/\libhal_bsp.a(alt_dcache_flush_all.o)
 .bss           0x00000000000136b8        0x0 ../ADS131A0x_NIOS_bsp/\libhal_bsp.a(alt_dev.o)
 .bss           0x00000000000136b8        0x0 ../ADS131A0x_NIOS_bsp/\libhal_bsp.a(alt_dev_llist_insert.o)
 .bss           0x00000000000136b8        0x0 ../ADS131A0x_NIOS_bsp/\libhal_bsp.a(alt_errno.o)
 .bss           0x00000000000136b8        0x0 ../ADS131A0x_NIOS_bsp/\libhal_bsp.a(alt_exception_entry.o)
 .bss           0x00000000000136b8        0x0 ../ADS131A0x_NIOS_bsp/\libhal_bsp.a(alt_icache_flush_all.o)
 .bss           0x00000000000136b8        0x0 ../ADS131A0x_NIOS_bsp/\libhal_bsp.a(alt_instruction_exception_entry.o)
 .bss           0x00000000000136b8        0x0 ../ADS131A0x_NIOS_bsp/\libhal_bsp.a(alt_tick.o)
 .bss           0x00000000000136b8        0x0 ../ADS131A0x_NIOS_bsp/\libhal_bsp.a(altera_nios2_gen2_irq.o)
 .bss           0x00000000000136b8        0x0 c:/intelfpga_lite/18.1/nios2eds/bin/gnu/h-x86_64-mingw32/bin/../lib/gcc/nios2-elf/5.3.0/../../../../../H-x86_64-mingw32/nios2-elf/lib/mno-hw-mul\libsmallc.a(lib_a-fputs.o)
 .bss           0x00000000000136b8        0x0 c:/intelfpga_lite/18.1/nios2eds/bin/gnu/h-x86_64-mingw32/bin/../lib/gcc/nios2-elf/5.3.0/../../../../../H-x86_64-mingw32/nios2-elf/lib/mno-hw-mul\libsmallc.a(lib_a-fvwrite_small_dev.o)
 .bss           0x00000000000136b8        0x0 c:/intelfpga_lite/18.1/nios2eds/bin/gnu/h-x86_64-mingw32/bin/../lib/gcc/nios2-elf/5.3.0/../../../../../H-x86_64-mingw32/nios2-elf/lib/mno-hw-mul\libsmallc.a(lib_a-impure.o)
 .bss           0x00000000000136b8        0x0 c:/intelfpga_lite/18.1/nios2eds/bin/gnu/h-x86_64-mingw32/bin/../lib/gcc/nios2-elf/5.3.0/../../../../../H-x86_64-mingw32/nios2-elf/lib/mno-hw-mul\libsmallc.a(lib_a-int_errno.o)
 .bss           0x00000000000136b8        0x0 c:/intelfpga_lite/18.1/nios2eds/bin/gnu/h-x86_64-mingw32/bin/../lib/gcc/nios2-elf/5.3.0/../../../../../H-x86_64-mingw32/nios2-elf/lib/mno-hw-mul\libsmallc.a(lib_a-memcpy.o)
 .bss           0x00000000000136b8        0x0 c:/intelfpga_lite/18.1/nios2eds/bin/gnu/h-x86_64-mingw32/bin/../lib/gcc/nios2-elf/5.3.0/../../../../../H-x86_64-mingw32/nios2-elf/lib/mno-hw-mul\libsmallc.a(lib_a-strlen.o)
 .bss           0x00000000000136b8        0x0 c:/intelfpga_lite/18.1/nios2eds/bin/gnu/h-x86_64-mingw32/bin/../lib/gcc/nios2-elf/5.3.0/../../../../../H-x86_64-mingw32/nios2-elf/lib/mno-hw-mul\libsmallc.a(lib_a-writer.o)
 .bss           0x00000000000136b8        0x0 c:/intelfpga_lite/18.1/nios2eds/bin/gnu/h-x86_64-mingw32/bin/../lib/gcc/nios2-elf/5.3.0/mno-hw-mul\libgcc.a(lib2-divmod.o)
 .bss           0x00000000000136b8        0x0 ../ADS131A0x_NIOS_bsp/\libhal_bsp.a(alt_write.o)
 *(COMMON)
 COMMON         0x00000000000136b8      0x100 ../ADS131A0x_NIOS_bsp/\libhal_bsp.a(alt_irq_handler.o)
                0x00000000000136b8                alt_irq
                0x00000000000137b8                . = ALIGN (0x4)
                0x00000000000137b8                __bss_end = ABSOLUTE (.)

.RAM            0x00000000000137b8        0x0
                [!provide]                        PROVIDE (_alt_partition_RAM_start, ABSOLUTE (.))
 *(.RAM .RAM. RAM.*)
                0x00000000000137b8                . = ALIGN (0x4)
                [!provide]                        PROVIDE (_alt_partition_RAM_end, ABSOLUTE (.))
                0x00000000000137b8                _end = ABSOLUTE (.)
                0x00000000000137b8                end = ABSOLUTE (.)
                0x00000000000137b8                __alt_stack_base = ABSOLUTE (.)
                [!provide]                        PROVIDE (_alt_partition_RAM_load_addr, LOADADDR (.RAM))

.stab
 *(.stab)

.stabstr
 *(.stabstr)

.stab.excl
 *(.stab.excl)

.stab.exclstr
 *(.stab.exclstr)

.stab.index
 *(.stab.index)

.stab.indexstr
 *(.stab.indexstr)

.comment        0x0000000000000000       0x23
 *(.comment)
 .comment       0x0000000000000000       0x23 obj/default/hello_world_small.o
                                         0x24 (size before relaxing)
 .comment       0x0000000000000023       0x24 c:/intelfpga_lite/18.1/nios2eds/bin/gnu/h-x86_64-mingw32/bin/../lib/gcc/nios2-elf/5.3.0/mno-hw-mul\libgcc.a(lib2-mul.o)
 .comment       0x0000000000000023       0x24 ../ADS131A0x_NIOS_bsp/\libhal_bsp.a(alt_iic.o)
 .comment       0x0000000000000023       0x24 ../ADS131A0x_NIOS_bsp/\libhal_bsp.a(alt_iic_isr_register.o)
 .comment       0x0000000000000023       0x24 ../ADS131A0x_NIOS_bsp/\libhal_bsp.a(alt_irq_handler.o)
 .comment       0x0000000000000023       0x24 ../ADS131A0x_NIOS_bsp/\libhal_bsp.a(alt_irq_vars.o)
 .comment       0x0000000000000023       0x24 ../ADS131A0x_NIOS_bsp/\libhal_bsp.a(alt_load.o)
 .comment       0x0000000000000023       0x24 ../ADS131A0x_NIOS_bsp/\libhal_bsp.a(alt_main.o)
 .comment       0x0000000000000023       0x24 ../ADS131A0x_NIOS_bsp/\libhal_bsp.a(alt_putstr.o)
 .comment       0x0000000000000023       0x24 ../ADS131A0x_NIOS_bsp/\libhal_bsp.a(alt_usleep.o)
 .comment       0x0000000000000023       0x24 ../ADS131A0x_NIOS_bsp/\libhal_bsp.a(alt_sys_init.o)
 .comment       0x0000000000000023       0x24 ../ADS131A0x_NIOS_bsp/\libhal_bsp.a(altera_avalon_jtag_uart_fd.o)
 .comment       0x0000000000000023       0x24 ../ADS131A0x_NIOS_bsp/\libhal_bsp.a(altera_avalon_jtag_uart_init.o)
 .comment       0x0000000000000023       0x24 ../ADS131A0x_NIOS_bsp/\libhal_bsp.a(altera_avalon_jtag_uart_ioctl.o)
 .comment       0x0000000000000023       0x24 ../ADS131A0x_NIOS_bsp/\libhal_bsp.a(altera_avalon_jtag_uart_read.o)
 .comment       0x0000000000000023       0x24 ../ADS131A0x_NIOS_bsp/\libhal_bsp.a(altera_avalon_jtag_uart_write.o)
 .comment       0x0000000000000023       0x24 ../ADS131A0x_NIOS_bsp/\libhal_bsp.a(altera_avalon_spi.o)
 .comment       0x0000000000000023       0x24 ../ADS131A0x_NIOS_bsp/\libhal_bsp.a(alt_alarm_start.o)
 .comment       0x0000000000000023       0x24 ../ADS131A0x_NIOS_bsp/\libhal_bsp.a(alt_busy_sleep.o)
 .comment       0x0000000000000023       0x24 ../ADS131A0x_NIOS_bsp/\libhal_bsp.a(alt_dcache_flush_all.o)
 .comment       0x0000000000000023       0x24 ../ADS131A0x_NIOS_bsp/\libhal_bsp.a(alt_dev.o)
 .comment       0x0000000000000023       0x24 ../ADS131A0x_NIOS_bsp/\libhal_bsp.a(alt_dev_llist_insert.o)
 .comment       0x0000000000000023       0x24 ../ADS131A0x_NIOS_bsp/\libhal_bsp.a(alt_errno.o)
 .comment       0x0000000000000023       0x24 ../ADS131A0x_NIOS_bsp/\libhal_bsp.a(alt_icache_flush_all.o)
 .comment       0x0000000000000023       0x24 ../ADS131A0x_NIOS_bsp/\libhal_bsp.a(alt_instruction_exception_entry.o)
 .comment       0x0000000000000023       0x24 ../ADS131A0x_NIOS_bsp/\libhal_bsp.a(alt_tick.o)
 .comment       0x0000000000000023       0x24 ../ADS131A0x_NIOS_bsp/\libhal_bsp.a(altera_nios2_gen2_irq.o)
 .comment       0x0000000000000023       0x24 c:/intelfpga_lite/18.1/nios2eds/bin/gnu/h-x86_64-mingw32/bin/../lib/gcc/nios2-elf/5.3.0/../../../../../H-x86_64-mingw32/nios2-elf/lib/mno-hw-mul\libsmallc.a(lib_a-fputs.o)
 .comment       0x0000000000000023       0x24 c:/intelfpga_lite/18.1/nios2eds/bin/gnu/h-x86_64-mingw32/bin/../lib/gcc/nios2-elf/5.3.0/../../../../../H-x86_64-mingw32/nios2-elf/lib/mno-hw-mul\libsmallc.a(lib_a-fvwrite_small_dev.o)
 .comment       0x0000000000000023       0x24 c:/intelfpga_lite/18.1/nios2eds/bin/gnu/h-x86_64-mingw32/bin/../lib/gcc/nios2-elf/5.3.0/../../../../../H-x86_64-mingw32/nios2-elf/lib/mno-hw-mul\libsmallc.a(lib_a-impure.o)
 .comment       0x0000000000000023       0x24 c:/intelfpga_lite/18.1/nios2eds/bin/gnu/h-x86_64-mingw32/bin/../lib/gcc/nios2-elf/5.3.0/../../../../../H-x86_64-mingw32/nios2-elf/lib/mno-hw-mul\libsmallc.a(lib_a-int_errno.o)
 .comment       0x0000000000000023       0x24 c:/intelfpga_lite/18.1/nios2eds/bin/gnu/h-x86_64-mingw32/bin/../lib/gcc/nios2-elf/5.3.0/../../../../../H-x86_64-mingw32/nios2-elf/lib/mno-hw-mul\libsmallc.a(lib_a-memcpy.o)
 .comment       0x0000000000000023       0x24 c:/intelfpga_lite/18.1/nios2eds/bin/gnu/h-x86_64-mingw32/bin/../lib/gcc/nios2-elf/5.3.0/../../../../../H-x86_64-mingw32/nios2-elf/lib/mno-hw-mul\libsmallc.a(lib_a-strlen.o)
 .comment       0x0000000000000023       0x24 c:/intelfpga_lite/18.1/nios2eds/bin/gnu/h-x86_64-mingw32/bin/../lib/gcc/nios2-elf/5.3.0/../../../../../H-x86_64-mingw32/nios2-elf/lib/mno-hw-mul\libsmallc.a(lib_a-writer.o)
 .comment       0x0000000000000023       0x24 c:/intelfpga_lite/18.1/nios2eds/bin/gnu/h-x86_64-mingw32/bin/../lib/gcc/nios2-elf/5.3.0/mno-hw-mul\libgcc.a(lib2-divmod.o)
 .comment       0x0000000000000023       0x24 ../ADS131A0x_NIOS_bsp/\libhal_bsp.a(alt_write.o)

.debug
 *(.debug)

.line
 *(.line)

.debug_srcinfo
 *(.debug_srcinfo)

.debug_sfnames
 *(.debug_sfnames)

.debug_aranges  0x0000000000000000      0x500
 *(.debug_aranges)
 .debug_aranges
                0x0000000000000000       0x28 ../ADS131A0x_NIOS_bsp//obj/HAL/src/crt0.o
 .debug_aranges
                0x0000000000000028       0x28 obj/default/hello_world_small.o
 .debug_aranges
                0x0000000000000050       0x20 c:/intelfpga_lite/18.1/nios2eds/bin/gnu/h-x86_64-mingw32/bin/../lib/gcc/nios2-elf/5.3.0/mno-hw-mul\libgcc.a(lib2-mul.o)
 .debug_aranges
                0x0000000000000070       0x20 ../ADS131A0x_NIOS_bsp/\libhal_bsp.a(alt_iic.o)
 .debug_aranges
                0x0000000000000090       0x20 ../ADS131A0x_NIOS_bsp/\libhal_bsp.a(alt_iic_isr_register.o)
 .debug_aranges
                0x00000000000000b0       0x30 ../ADS131A0x_NIOS_bsp/\libhal_bsp.a(alt_irq_entry.o)
 .debug_aranges
                0x00000000000000e0       0x20 ../ADS131A0x_NIOS_bsp/\libhal_bsp.a(alt_irq_handler.o)
 .debug_aranges
                0x0000000000000100       0x18 ../ADS131A0x_NIOS_bsp/\libhal_bsp.a(alt_irq_vars.o)
 .debug_aranges
                0x0000000000000118       0x20 ../ADS131A0x_NIOS_bsp/\libhal_bsp.a(alt_load.o)
 .debug_aranges
                0x0000000000000138       0x20 ../ADS131A0x_NIOS_bsp/\libhal_bsp.a(alt_main.o)
 .debug_aranges
                0x0000000000000158       0x20 ../ADS131A0x_NIOS_bsp/\libhal_bsp.a(alt_putstr.o)
 .debug_aranges
                0x0000000000000178       0x20 ../ADS131A0x_NIOS_bsp/\libhal_bsp.a(alt_usleep.o)
 .debug_aranges
                0x0000000000000198       0x20 ../ADS131A0x_NIOS_bsp/\libhal_bsp.a(alt_sys_init.o)
 .debug_aranges
                0x00000000000001b8       0x20 ../ADS131A0x_NIOS_bsp/\libhal_bsp.a(altera_avalon_jtag_uart_fd.o)
 .debug_aranges
                0x00000000000001d8       0x20 ../ADS131A0x_NIOS_bsp/\libhal_bsp.a(altera_avalon_jtag_uart_init.o)
 .debug_aranges
                0x00000000000001f8       0x20 ../ADS131A0x_NIOS_bsp/\libhal_bsp.a(altera_avalon_jtag_uart_ioctl.o)
 .debug_aranges
                0x0000000000000218       0x20 ../ADS131A0x_NIOS_bsp/\libhal_bsp.a(altera_avalon_jtag_uart_read.o)
 .debug_aranges
                0x0000000000000238       0x20 ../ADS131A0x_NIOS_bsp/\libhal_bsp.a(altera_avalon_jtag_uart_write.o)
 .debug_aranges
                0x0000000000000258       0x20 ../ADS131A0x_NIOS_bsp/\libhal_bsp.a(altera_avalon_spi.o)
 .debug_aranges
                0x0000000000000278       0x20 ../ADS131A0x_NIOS_bsp/\libhal_bsp.a(alt_alarm_start.o)
 .debug_aranges
                0x0000000000000298       0x20 ../ADS131A0x_NIOS_bsp/\libhal_bsp.a(alt_busy_sleep.o)
 .debug_aranges
                0x00000000000002b8       0x20 ../ADS131A0x_NIOS_bsp/\libhal_bsp.a(alt_dcache_flush_all.o)
 .debug_aranges
                0x00000000000002d8       0x20 ../ADS131A0x_NIOS_bsp/\libhal_bsp.a(alt_dev.o)
 .debug_aranges
                0x00000000000002f8       0x20 ../ADS131A0x_NIOS_bsp/\libhal_bsp.a(alt_dev_llist_insert.o)
 .debug_aranges
                0x0000000000000318       0x18 ../ADS131A0x_NIOS_bsp/\libhal_bsp.a(alt_errno.o)
 .debug_aranges
                0x0000000000000330       0x38 ../ADS131A0x_NIOS_bsp/\libhal_bsp.a(alt_exception_entry.o)
 .debug_aranges
                0x0000000000000368       0x20 ../ADS131A0x_NIOS_bsp/\libhal_bsp.a(alt_icache_flush_all.o)
 .debug_aranges
                0x0000000000000388       0x28 ../ADS131A0x_NIOS_bsp/\libhal_bsp.a(alt_instruction_exception_entry.o)
 .debug_aranges
                0x00000000000003b0       0x20 ../ADS131A0x_NIOS_bsp/\libhal_bsp.a(alt_tick.o)
 .debug_aranges
                0x00000000000003d0       0x20 ../ADS131A0x_NIOS_bsp/\libhal_bsp.a(altera_nios2_gen2_irq.o)
 .debug_aranges
                0x00000000000003f0       0x20 c:/intelfpga_lite/18.1/nios2eds/bin/gnu/h-x86_64-mingw32/bin/../lib/gcc/nios2-elf/5.3.0/../../../../../H-x86_64-mingw32/nios2-elf/lib/mno-hw-mul\libsmallc.a(lib_a-fputs.o)
 .debug_aranges
                0x0000000000000410       0x20 c:/intelfpga_lite/18.1/nios2eds/bin/gnu/h-x86_64-mingw32/bin/../lib/gcc/nios2-elf/5.3.0/../../../../../H-x86_64-mingw32/nios2-elf/lib/mno-hw-mul\libsmallc.a(lib_a-fvwrite_small_dev.o)
 .debug_aranges
                0x0000000000000430       0x18 c:/intelfpga_lite/18.1/nios2eds/bin/gnu/h-x86_64-mingw32/bin/../lib/gcc/nios2-elf/5.3.0/../../../../../H-x86_64-mingw32/nios2-elf/lib/mno-hw-mul\libsmallc.a(lib_a-impure.o)
 .debug_aranges
                0x0000000000000448       0x18 c:/intelfpga_lite/18.1/nios2eds/bin/gnu/h-x86_64-mingw32/bin/../lib/gcc/nios2-elf/5.3.0/../../../../../H-x86_64-mingw32/nios2-elf/lib/mno-hw-mul\libsmallc.a(lib_a-int_errno.o)
 .debug_aranges
                0x0000000000000460       0x20 c:/intelfpga_lite/18.1/nios2eds/bin/gnu/h-x86_64-mingw32/bin/../lib/gcc/nios2-elf/5.3.0/../../../../../H-x86_64-mingw32/nios2-elf/lib/mno-hw-mul\libsmallc.a(lib_a-memcpy.o)
 .debug_aranges
                0x0000000000000480       0x20 c:/intelfpga_lite/18.1/nios2eds/bin/gnu/h-x86_64-mingw32/bin/../lib/gcc/nios2-elf/5.3.0/../../../../../H-x86_64-mingw32/nios2-elf/lib/mno-hw-mul\libsmallc.a(lib_a-strlen.o)
 .debug_aranges
                0x00000000000004a0       0x20 c:/intelfpga_lite/18.1/nios2eds/bin/gnu/h-x86_64-mingw32/bin/../lib/gcc/nios2-elf/5.3.0/../../../../../H-x86_64-mingw32/nios2-elf/lib/mno-hw-mul\libsmallc.a(lib_a-writer.o)
 .debug_aranges
                0x00000000000004c0       0x20 c:/intelfpga_lite/18.1/nios2eds/bin/gnu/h-x86_64-mingw32/bin/../lib/gcc/nios2-elf/5.3.0/mno-hw-mul\libgcc.a(lib2-divmod.o)
 .debug_aranges
                0x00000000000004e0       0x20 ../ADS131A0x_NIOS_bsp/\libhal_bsp.a(alt_write.o)

.debug_pubnames
 *(.debug_pubnames)

.debug_info     0x0000000000000000     0x66fa
 *(.debug_info .gnu.linkonce.wi.*)
 .debug_info    0x0000000000000000       0x8f ../ADS131A0x_NIOS_bsp//obj/HAL/src/crt0.o
 .debug_info    0x000000000000008f      0x2f8 obj/default/hello_world_small.o
 .debug_info    0x0000000000000387       0xb4 c:/intelfpga_lite/18.1/nios2eds/bin/gnu/h-x86_64-mingw32/bin/../lib/gcc/nios2-elf/5.3.0/mno-hw-mul\libgcc.a(lib2-mul.o)
 .debug_info    0x000000000000043b      0x38a ../ADS131A0x_NIOS_bsp/\libhal_bsp.a(alt_iic.o)
 .debug_info    0x00000000000007c5      0x232 ../ADS131A0x_NIOS_bsp/\libhal_bsp.a(alt_iic_isr_register.o)
 .debug_info    0x00000000000009f7       0x98 ../ADS131A0x_NIOS_bsp/\libhal_bsp.a(alt_irq_entry.o)
 .debug_info    0x0000000000000a8f      0x184 ../ADS131A0x_NIOS_bsp/\libhal_bsp.a(alt_irq_handler.o)
 .debug_info    0x0000000000000c13       0x88 ../ADS131A0x_NIOS_bsp/\libhal_bsp.a(alt_irq_vars.o)
 .debug_info    0x0000000000000c9b      0x1c9 ../ADS131A0x_NIOS_bsp/\libhal_bsp.a(alt_load.o)
 .debug_info    0x0000000000000e64      0x169 ../ADS131A0x_NIOS_bsp/\libhal_bsp.a(alt_main.o)
 .debug_info    0x0000000000000fcd      0x8c5 ../ADS131A0x_NIOS_bsp/\libhal_bsp.a(alt_putstr.o)
 .debug_info    0x0000000000001892       0xd1 ../ADS131A0x_NIOS_bsp/\libhal_bsp.a(alt_usleep.o)
 .debug_info    0x0000000000001963      0x555 ../ADS131A0x_NIOS_bsp/\libhal_bsp.a(alt_sys_init.o)
 .debug_info    0x0000000000001eb8      0x5b9 ../ADS131A0x_NIOS_bsp/\libhal_bsp.a(altera_avalon_jtag_uart_fd.o)
 .debug_info    0x0000000000002471      0x3e7 ../ADS131A0x_NIOS_bsp/\libhal_bsp.a(altera_avalon_jtag_uart_init.o)
 .debug_info    0x0000000000002858      0x281 ../ADS131A0x_NIOS_bsp/\libhal_bsp.a(altera_avalon_jtag_uart_ioctl.o)
 .debug_info    0x0000000000002ad9      0x36c ../ADS131A0x_NIOS_bsp/\libhal_bsp.a(altera_avalon_jtag_uart_read.o)
 .debug_info    0x0000000000002e45      0x357 ../ADS131A0x_NIOS_bsp/\libhal_bsp.a(altera_avalon_jtag_uart_write.o)
 .debug_info    0x000000000000319c      0x194 ../ADS131A0x_NIOS_bsp/\libhal_bsp.a(altera_avalon_spi.o)
 .debug_info    0x0000000000003330      0x2bd ../ADS131A0x_NIOS_bsp/\libhal_bsp.a(alt_alarm_start.o)
 .debug_info    0x00000000000035ed       0xd8 ../ADS131A0x_NIOS_bsp/\libhal_bsp.a(alt_busy_sleep.o)
 .debug_info    0x00000000000036c5       0x92 ../ADS131A0x_NIOS_bsp/\libhal_bsp.a(alt_dcache_flush_all.o)
 .debug_info    0x0000000000003757      0x499 ../ADS131A0x_NIOS_bsp/\libhal_bsp.a(alt_dev.o)
 .debug_info    0x0000000000003bf0      0x1b3 ../ADS131A0x_NIOS_bsp/\libhal_bsp.a(alt_dev_llist_insert.o)
 .debug_info    0x0000000000003da3       0xa6 ../ADS131A0x_NIOS_bsp/\libhal_bsp.a(alt_errno.o)
 .debug_info    0x0000000000003e49       0x9e ../ADS131A0x_NIOS_bsp/\libhal_bsp.a(alt_exception_entry.o)
 .debug_info    0x0000000000003ee7       0x92 ../ADS131A0x_NIOS_bsp/\libhal_bsp.a(alt_icache_flush_all.o)
 .debug_info    0x0000000000003f79      0x1fd ../ADS131A0x_NIOS_bsp/\libhal_bsp.a(alt_instruction_exception_entry.o)
 .debug_info    0x0000000000004176      0x2a9 ../ADS131A0x_NIOS_bsp/\libhal_bsp.a(alt_tick.o)
 .debug_info    0x000000000000441f       0x92 ../ADS131A0x_NIOS_bsp/\libhal_bsp.a(altera_nios2_gen2_irq.o)
 .debug_info    0x00000000000044b1      0x620 c:/intelfpga_lite/18.1/nios2eds/bin/gnu/h-x86_64-mingw32/bin/../lib/gcc/nios2-elf/5.3.0/../../../../../H-x86_64-mingw32/nios2-elf/lib/mno-hw-mul\libsmallc.a(lib_a-fputs.o)
 .debug_info    0x0000000000004ad1      0x62b c:/intelfpga_lite/18.1/nios2eds/bin/gnu/h-x86_64-mingw32/bin/../lib/gcc/nios2-elf/5.3.0/../../../../../H-x86_64-mingw32/nios2-elf/lib/mno-hw-mul\libsmallc.a(lib_a-fvwrite_small_dev.o)
 .debug_info    0x00000000000050fc      0x5a9 c:/intelfpga_lite/18.1/nios2eds/bin/gnu/h-x86_64-mingw32/bin/../lib/gcc/nios2-elf/5.3.0/../../../../../H-x86_64-mingw32/nios2-elf/lib/mno-hw-mul\libsmallc.a(lib_a-impure.o)
 .debug_info    0x00000000000056a5       0x8a c:/intelfpga_lite/18.1/nios2eds/bin/gnu/h-x86_64-mingw32/bin/../lib/gcc/nios2-elf/5.3.0/../../../../../H-x86_64-mingw32/nios2-elf/lib/mno-hw-mul\libsmallc.a(lib_a-int_errno.o)
 .debug_info    0x000000000000572f      0x119 c:/intelfpga_lite/18.1/nios2eds/bin/gnu/h-x86_64-mingw32/bin/../lib/gcc/nios2-elf/5.3.0/../../../../../H-x86_64-mingw32/nios2-elf/lib/mno-hw-mul\libsmallc.a(lib_a-memcpy.o)
 .debug_info    0x0000000000005848       0xc9 c:/intelfpga_lite/18.1/nios2eds/bin/gnu/h-x86_64-mingw32/bin/../lib/gcc/nios2-elf/5.3.0/../../../../../H-x86_64-mingw32/nios2-elf/lib/mno-hw-mul\libsmallc.a(lib_a-strlen.o)
 .debug_info    0x0000000000005911      0x630 c:/intelfpga_lite/18.1/nios2eds/bin/gnu/h-x86_64-mingw32/bin/../lib/gcc/nios2-elf/5.3.0/../../../../../H-x86_64-mingw32/nios2-elf/lib/mno-hw-mul\libsmallc.a(lib_a-writer.o)
 .debug_info    0x0000000000005f41      0x2c6 c:/intelfpga_lite/18.1/nios2eds/bin/gnu/h-x86_64-mingw32/bin/../lib/gcc/nios2-elf/5.3.0/mno-hw-mul\libgcc.a(lib2-divmod.o)
 .debug_info    0x0000000000006207      0x4f3 ../ADS131A0x_NIOS_bsp/\libhal_bsp.a(alt_write.o)

.debug_abbrev   0x0000000000000000     0x2723
 *(.debug_abbrev)
 .debug_abbrev  0x0000000000000000       0x12 ../ADS131A0x_NIOS_bsp//obj/HAL/src/crt0.o
 .debug_abbrev  0x0000000000000012      0x184 obj/default/hello_world_small.o
 .debug_abbrev  0x0000000000000196       0x6f c:/intelfpga_lite/18.1/nios2eds/bin/gnu/h-x86_64-mingw32/bin/../lib/gcc/nios2-elf/5.3.0/mno-hw-mul\libgcc.a(lib2-mul.o)
 .debug_abbrev  0x0000000000000205      0x1a0 ../ADS131A0x_NIOS_bsp/\libhal_bsp.a(alt_iic.o)
 .debug_abbrev  0x00000000000003a5      0x19c ../ADS131A0x_NIOS_bsp/\libhal_bsp.a(alt_iic_isr_register.o)
 .debug_abbrev  0x0000000000000541       0x12 ../ADS131A0x_NIOS_bsp/\libhal_bsp.a(alt_irq_entry.o)
 .debug_abbrev  0x0000000000000553      0x120 ../ADS131A0x_NIOS_bsp/\libhal_bsp.a(alt_irq_handler.o)
 .debug_abbrev  0x0000000000000673       0x40 ../ADS131A0x_NIOS_bsp/\libhal_bsp.a(alt_irq_vars.o)
 .debug_abbrev  0x00000000000006b3       0xd8 ../ADS131A0x_NIOS_bsp/\libhal_bsp.a(alt_load.o)
 .debug_abbrev  0x000000000000078b       0xee ../ADS131A0x_NIOS_bsp/\libhal_bsp.a(alt_main.o)
 .debug_abbrev  0x0000000000000879      0x1da ../ADS131A0x_NIOS_bsp/\libhal_bsp.a(alt_putstr.o)
 .debug_abbrev  0x0000000000000a53       0x8d ../ADS131A0x_NIOS_bsp/\libhal_bsp.a(alt_usleep.o)
 .debug_abbrev  0x0000000000000ae0      0x1d1 ../ADS131A0x_NIOS_bsp/\libhal_bsp.a(alt_sys_init.o)
 .debug_abbrev  0x0000000000000cb1      0x160 ../ADS131A0x_NIOS_bsp/\libhal_bsp.a(altera_avalon_jtag_uart_fd.o)
 .debug_abbrev  0x0000000000000e11      0x1fc ../ADS131A0x_NIOS_bsp/\libhal_bsp.a(altera_avalon_jtag_uart_init.o)
 .debug_abbrev  0x000000000000100d      0x120 ../ADS131A0x_NIOS_bsp/\libhal_bsp.a(altera_avalon_jtag_uart_ioctl.o)
 .debug_abbrev  0x000000000000112d      0x1cc ../ADS131A0x_NIOS_bsp/\libhal_bsp.a(altera_avalon_jtag_uart_read.o)
 .debug_abbrev  0x00000000000012f9      0x1cd ../ADS131A0x_NIOS_bsp/\libhal_bsp.a(altera_avalon_jtag_uart_write.o)
 .debug_abbrev  0x00000000000014c6       0xa8 ../ADS131A0x_NIOS_bsp/\libhal_bsp.a(altera_avalon_spi.o)
 .debug_abbrev  0x000000000000156e      0x187 ../ADS131A0x_NIOS_bsp/\libhal_bsp.a(alt_alarm_start.o)
 .debug_abbrev  0x00000000000016f5       0x8d ../ADS131A0x_NIOS_bsp/\libhal_bsp.a(alt_busy_sleep.o)
 .debug_abbrev  0x0000000000001782       0x42 ../ADS131A0x_NIOS_bsp/\libhal_bsp.a(alt_dcache_flush_all.o)
 .debug_abbrev  0x00000000000017c4       0xd9 ../ADS131A0x_NIOS_bsp/\libhal_bsp.a(alt_dev.o)
 .debug_abbrev  0x000000000000189d      0x11c ../ADS131A0x_NIOS_bsp/\libhal_bsp.a(alt_dev_llist_insert.o)
 .debug_abbrev  0x00000000000019b9       0x5a ../ADS131A0x_NIOS_bsp/\libhal_bsp.a(alt_errno.o)
 .debug_abbrev  0x0000000000001a13       0x12 ../ADS131A0x_NIOS_bsp/\libhal_bsp.a(alt_exception_entry.o)
 .debug_abbrev  0x0000000000001a25       0x42 ../ADS131A0x_NIOS_bsp/\libhal_bsp.a(alt_icache_flush_all.o)
 .debug_abbrev  0x0000000000001a67       0xe7 ../ADS131A0x_NIOS_bsp/\libhal_bsp.a(alt_instruction_exception_entry.o)
 .debug_abbrev  0x0000000000001b4e      0x187 ../ADS131A0x_NIOS_bsp/\libhal_bsp.a(alt_tick.o)
 .debug_abbrev  0x0000000000001cd5       0x42 ../ADS131A0x_NIOS_bsp/\libhal_bsp.a(altera_nios2_gen2_irq.o)
 .debug_abbrev  0x0000000000001d17      0x1ae c:/intelfpga_lite/18.1/nios2eds/bin/gnu/h-x86_64-mingw32/bin/../lib/gcc/nios2-elf/5.3.0/../../../../../H-x86_64-mingw32/nios2-elf/lib/mno-hw-mul\libsmallc.a(lib_a-fputs.o)
 .debug_abbrev  0x0000000000001ec5      0x1bc c:/intelfpga_lite/18.1/nios2eds/bin/gnu/h-x86_64-mingw32/bin/../lib/gcc/nios2-elf/5.3.0/../../../../../H-x86_64-mingw32/nios2-elf/lib/mno-hw-mul\libsmallc.a(lib_a-fvwrite_small_dev.o)
 .debug_abbrev  0x0000000000002081      0x14a c:/intelfpga_lite/18.1/nios2eds/bin/gnu/h-x86_64-mingw32/bin/../lib/gcc/nios2-elf/5.3.0/../../../../../H-x86_64-mingw32/nios2-elf/lib/mno-hw-mul\libsmallc.a(lib_a-impure.o)
 .debug_abbrev  0x00000000000021cb       0x37 c:/intelfpga_lite/18.1/nios2eds/bin/gnu/h-x86_64-mingw32/bin/../lib/gcc/nios2-elf/5.3.0/../../../../../H-x86_64-mingw32/nios2-elf/lib/mno-hw-mul\libsmallc.a(lib_a-int_errno.o)
 .debug_abbrev  0x0000000000002202       0x9c c:/intelfpga_lite/18.1/nios2eds/bin/gnu/h-x86_64-mingw32/bin/../lib/gcc/nios2-elf/5.3.0/../../../../../H-x86_64-mingw32/nios2-elf/lib/mno-hw-mul\libsmallc.a(lib_a-memcpy.o)
 .debug_abbrev  0x000000000000229e       0x7f c:/intelfpga_lite/18.1/nios2eds/bin/gnu/h-x86_64-mingw32/bin/../lib/gcc/nios2-elf/5.3.0/../../../../../H-x86_64-mingw32/nios2-elf/lib/mno-hw-mul\libsmallc.a(lib_a-strlen.o)
 .debug_abbrev  0x000000000000231d      0x1a6 c:/intelfpga_lite/18.1/nios2eds/bin/gnu/h-x86_64-mingw32/bin/../lib/gcc/nios2-elf/5.3.0/../../../../../H-x86_64-mingw32/nios2-elf/lib/mno-hw-mul\libsmallc.a(lib_a-writer.o)
 .debug_abbrev  0x00000000000024c3      0x10e c:/intelfpga_lite/18.1/nios2eds/bin/gnu/h-x86_64-mingw32/bin/../lib/gcc/nios2-elf/5.3.0/mno-hw-mul\libgcc.a(lib2-divmod.o)
 .debug_abbrev  0x00000000000025d1      0x152 ../ADS131A0x_NIOS_bsp/\libhal_bsp.a(alt_write.o)

.debug_line     0x0000000000000000     0x2615
 *(.debug_line)
 .debug_line    0x0000000000000000       0x66 ../ADS131A0x_NIOS_bsp//obj/HAL/src/crt0.o
 .debug_line    0x0000000000000066      0x18d obj/default/hello_world_small.o
 .debug_line    0x00000000000001f3       0x80 c:/intelfpga_lite/18.1/nios2eds/bin/gnu/h-x86_64-mingw32/bin/../lib/gcc/nios2-elf/5.3.0/mno-hw-mul\libgcc.a(lib2-mul.o)
 .debug_line    0x0000000000000273       0xf1 ../ADS131A0x_NIOS_bsp/\libhal_bsp.a(alt_iic.o)
 .debug_line    0x0000000000000364       0xd6 ../ADS131A0x_NIOS_bsp/\libhal_bsp.a(alt_iic_isr_register.o)
 .debug_line    0x000000000000043a       0x6b ../ADS131A0x_NIOS_bsp/\libhal_bsp.a(alt_irq_entry.o)
 .debug_line    0x00000000000004a5       0xa5 ../ADS131A0x_NIOS_bsp/\libhal_bsp.a(alt_irq_handler.o)
 .debug_line    0x000000000000054a       0x50 ../ADS131A0x_NIOS_bsp/\libhal_bsp.a(alt_irq_vars.o)
 .debug_line    0x000000000000059a       0xa4 ../ADS131A0x_NIOS_bsp/\libhal_bsp.a(alt_load.o)
 .debug_line    0x000000000000063e       0xbd ../ADS131A0x_NIOS_bsp/\libhal_bsp.a(alt_main.o)
 .debug_line    0x00000000000006fb      0x172 ../ADS131A0x_NIOS_bsp/\libhal_bsp.a(alt_putstr.o)
 .debug_line    0x000000000000086d       0xcf ../ADS131A0x_NIOS_bsp/\libhal_bsp.a(alt_usleep.o)
 .debug_line    0x000000000000093c      0x16f ../ADS131A0x_NIOS_bsp/\libhal_bsp.a(alt_sys_init.o)
 .debug_line    0x0000000000000aab      0x122 ../ADS131A0x_NIOS_bsp/\libhal_bsp.a(altera_avalon_jtag_uart_fd.o)
 .debug_line    0x0000000000000bcd      0x17c ../ADS131A0x_NIOS_bsp/\libhal_bsp.a(altera_avalon_jtag_uart_init.o)
 .debug_line    0x0000000000000d49      0x10b ../ADS131A0x_NIOS_bsp/\libhal_bsp.a(altera_avalon_jtag_uart_ioctl.o)
 .debug_line    0x0000000000000e54      0x15c ../ADS131A0x_NIOS_bsp/\libhal_bsp.a(altera_avalon_jtag_uart_read.o)
 .debug_line    0x0000000000000fb0      0x176 ../ADS131A0x_NIOS_bsp/\libhal_bsp.a(altera_avalon_jtag_uart_write.o)
 .debug_line    0x0000000000001126       0xc5 ../ADS131A0x_NIOS_bsp/\libhal_bsp.a(altera_avalon_spi.o)
 .debug_line    0x00000000000011eb       0xe7 ../ADS131A0x_NIOS_bsp/\libhal_bsp.a(alt_alarm_start.o)
 .debug_line    0x00000000000012d2       0xb5 ../ADS131A0x_NIOS_bsp/\libhal_bsp.a(alt_busy_sleep.o)
 .debug_line    0x0000000000001387       0x4e ../ADS131A0x_NIOS_bsp/\libhal_bsp.a(alt_dcache_flush_all.o)
 .debug_line    0x00000000000013d5       0xf6 ../ADS131A0x_NIOS_bsp/\libhal_bsp.a(alt_dev.o)
 .debug_line    0x00000000000014cb       0xd8 ../ADS131A0x_NIOS_bsp/\libhal_bsp.a(alt_dev_llist_insert.o)
 .debug_line    0x00000000000015a3       0x51 ../ADS131A0x_NIOS_bsp/\libhal_bsp.a(alt_errno.o)
 .debug_line    0x00000000000015f4       0xb3 ../ADS131A0x_NIOS_bsp/\libhal_bsp.a(alt_exception_entry.o)
 .debug_line    0x00000000000016a7       0x4e ../ADS131A0x_NIOS_bsp/\libhal_bsp.a(alt_icache_flush_all.o)
 .debug_line    0x00000000000016f5       0xbf ../ADS131A0x_NIOS_bsp/\libhal_bsp.a(alt_instruction_exception_entry.o)
 .debug_line    0x00000000000017b4      0x104 ../ADS131A0x_NIOS_bsp/\libhal_bsp.a(alt_tick.o)
 .debug_line    0x00000000000018b8       0x50 ../ADS131A0x_NIOS_bsp/\libhal_bsp.a(altera_nios2_gen2_irq.o)
 .debug_line    0x0000000000001908      0x1f2 c:/intelfpga_lite/18.1/nios2eds/bin/gnu/h-x86_64-mingw32/bin/../lib/gcc/nios2-elf/5.3.0/../../../../../H-x86_64-mingw32/nios2-elf/lib/mno-hw-mul\libsmallc.a(lib_a-fputs.o)
 .debug_line    0x0000000000001afa      0x1f0 c:/intelfpga_lite/18.1/nios2eds/bin/gnu/h-x86_64-mingw32/bin/../lib/gcc/nios2-elf/5.3.0/../../../../../H-x86_64-mingw32/nios2-elf/lib/mno-hw-mul\libsmallc.a(lib_a-fvwrite_small_dev.o)
 .debug_line    0x0000000000001cea      0x156 c:/intelfpga_lite/18.1/nios2eds/bin/gnu/h-x86_64-mingw32/bin/../lib/gcc/nios2-elf/5.3.0/../../../../../H-x86_64-mingw32/nios2-elf/lib/mno-hw-mul\libsmallc.a(lib_a-impure.o)
 .debug_line    0x0000000000001e40       0x5f c:/intelfpga_lite/18.1/nios2eds/bin/gnu/h-x86_64-mingw32/bin/../lib/gcc/nios2-elf/5.3.0/../../../../../H-x86_64-mingw32/nios2-elf/lib/mno-hw-mul\libsmallc.a(lib_a-int_errno.o)
 .debug_line    0x0000000000001e9f      0x15e c:/intelfpga_lite/18.1/nios2eds/bin/gnu/h-x86_64-mingw32/bin/../lib/gcc/nios2-elf/5.3.0/../../../../../H-x86_64-mingw32/nios2-elf/lib/mno-hw-mul\libsmallc.a(lib_a-memcpy.o)
 .debug_line    0x0000000000001ffd      0x15c c:/intelfpga_lite/18.1/nios2eds/bin/gnu/h-x86_64-mingw32/bin/../lib/gcc/nios2-elf/5.3.0/../../../../../H-x86_64-mingw32/nios2-elf/lib/mno-hw-mul\libsmallc.a(lib_a-strlen.o)
 .debug_line    0x0000000000002159      0x1ed c:/intelfpga_lite/18.1/nios2eds/bin/gnu/h-x86_64-mingw32/bin/../lib/gcc/nios2-elf/5.3.0/../../../../../H-x86_64-mingw32/nios2-elf/lib/mno-hw-mul\libsmallc.a(lib_a-writer.o)
 .debug_line    0x0000000000002346      0x105 c:/intelfpga_lite/18.1/nios2eds/bin/gnu/h-x86_64-mingw32/bin/../lib/gcc/nios2-elf/5.3.0/mno-hw-mul\libgcc.a(lib2-divmod.o)
 .debug_line    0x000000000000244b      0x1ca ../ADS131A0x_NIOS_bsp/\libhal_bsp.a(alt_write.o)

.debug_frame    0x0000000000000000      0x70c
 *(.debug_frame)
 .debug_frame   0x0000000000000000       0x98 obj/default/hello_world_small.o
 .debug_frame   0x0000000000000098       0x20 c:/intelfpga_lite/18.1/nios2eds/bin/gnu/h-x86_64-mingw32/bin/../lib/gcc/nios2-elf/5.3.0/mno-hw-mul\libgcc.a(lib2-mul.o)
 .debug_frame   0x00000000000000b8       0x50 ../ADS131A0x_NIOS_bsp/\libhal_bsp.a(alt_iic.o)
 .debug_frame   0x0000000000000108       0x30 ../ADS131A0x_NIOS_bsp/\libhal_bsp.a(alt_iic_isr_register.o)
 .debug_frame   0x0000000000000138       0x34 ../ADS131A0x_NIOS_bsp/\libhal_bsp.a(alt_irq_handler.o)
 .debug_frame   0x000000000000016c       0x30 ../ADS131A0x_NIOS_bsp/\libhal_bsp.a(alt_load.o)
 .debug_frame   0x000000000000019c       0x2c ../ADS131A0x_NIOS_bsp/\libhal_bsp.a(alt_main.o)
 .debug_frame   0x00000000000001c8       0x20 ../ADS131A0x_NIOS_bsp/\libhal_bsp.a(alt_putstr.o)
 .debug_frame   0x00000000000001e8       0x20 ../ADS131A0x_NIOS_bsp/\libhal_bsp.a(alt_usleep.o)
 .debug_frame   0x0000000000000208       0x4c ../ADS131A0x_NIOS_bsp/\libhal_bsp.a(alt_sys_init.o)
 .debug_frame   0x0000000000000254       0x50 ../ADS131A0x_NIOS_bsp/\libhal_bsp.a(altera_avalon_jtag_uart_fd.o)
 .debug_frame   0x00000000000002a4       0x64 ../ADS131A0x_NIOS_bsp/\libhal_bsp.a(altera_avalon_jtag_uart_init.o)
 .debug_frame   0x0000000000000308       0x20 ../ADS131A0x_NIOS_bsp/\libhal_bsp.a(altera_avalon_jtag_uart_ioctl.o)
 .debug_frame   0x0000000000000328       0x54 ../ADS131A0x_NIOS_bsp/\libhal_bsp.a(altera_avalon_jtag_uart_read.o)
 .debug_frame   0x000000000000037c       0x54 ../ADS131A0x_NIOS_bsp/\libhal_bsp.a(altera_avalon_jtag_uart_write.o)
 .debug_frame   0x00000000000003d0       0x20 ../ADS131A0x_NIOS_bsp/\libhal_bsp.a(altera_avalon_spi.o)
 .debug_frame   0x00000000000003f0       0x20 ../ADS131A0x_NIOS_bsp/\libhal_bsp.a(alt_alarm_start.o)
 .debug_frame   0x0000000000000410       0x30 ../ADS131A0x_NIOS_bsp/\libhal_bsp.a(alt_busy_sleep.o)
 .debug_frame   0x0000000000000440       0x20 ../ADS131A0x_NIOS_bsp/\libhal_bsp.a(alt_dcache_flush_all.o)
 .debug_frame   0x0000000000000460       0x20 ../ADS131A0x_NIOS_bsp/\libhal_bsp.a(alt_dev.o)
 .debug_frame   0x0000000000000480       0x2c ../ADS131A0x_NIOS_bsp/\libhal_bsp.a(alt_dev_llist_insert.o)
 .debug_frame   0x00000000000004ac       0x20 ../ADS131A0x_NIOS_bsp/\libhal_bsp.a(alt_icache_flush_all.o)
 .debug_frame   0x00000000000004cc       0x30 ../ADS131A0x_NIOS_bsp/\libhal_bsp.a(alt_instruction_exception_entry.o)
 .debug_frame   0x00000000000004fc       0x50 ../ADS131A0x_NIOS_bsp/\libhal_bsp.a(alt_tick.o)
 .debug_frame   0x000000000000054c       0x20 ../ADS131A0x_NIOS_bsp/\libhal_bsp.a(altera_nios2_gen2_irq.o)
 .debug_frame   0x000000000000056c       0x30 c:/intelfpga_lite/18.1/nios2eds/bin/gnu/h-x86_64-mingw32/bin/../lib/gcc/nios2-elf/5.3.0/../../../../../H-x86_64-mingw32/nios2-elf/lib/mno-hw-mul\libsmallc.a(lib_a-fputs.o)
 .debug_frame   0x000000000000059c       0x58 c:/intelfpga_lite/18.1/nios2eds/bin/gnu/h-x86_64-mingw32/bin/../lib/gcc/nios2-elf/5.3.0/../../../../../H-x86_64-mingw32/nios2-elf/lib/mno-hw-mul\libsmallc.a(lib_a-fvwrite_small_dev.o)
 .debug_frame   0x00000000000005f4       0x20 c:/intelfpga_lite/18.1/nios2eds/bin/gnu/h-x86_64-mingw32/bin/../lib/gcc/nios2-elf/5.3.0/../../../../../H-x86_64-mingw32/nios2-elf/lib/mno-hw-mul\libsmallc.a(lib_a-memcpy.o)
 .debug_frame   0x0000000000000614       0x20 c:/intelfpga_lite/18.1/nios2eds/bin/gnu/h-x86_64-mingw32/bin/../lib/gcc/nios2-elf/5.3.0/../../../../../H-x86_64-mingw32/nios2-elf/lib/mno-hw-mul\libsmallc.a(lib_a-strlen.o)
 .debug_frame   0x0000000000000634       0x38 c:/intelfpga_lite/18.1/nios2eds/bin/gnu/h-x86_64-mingw32/bin/../lib/gcc/nios2-elf/5.3.0/../../../../../H-x86_64-mingw32/nios2-elf/lib/mno-hw-mul\libsmallc.a(lib_a-writer.o)
 .debug_frame   0x000000000000066c       0x50 c:/intelfpga_lite/18.1/nios2eds/bin/gnu/h-x86_64-mingw32/bin/../lib/gcc/nios2-elf/5.3.0/mno-hw-mul\libgcc.a(lib2-divmod.o)
 .debug_frame   0x00000000000006bc       0x50 ../ADS131A0x_NIOS_bsp/\libhal_bsp.a(alt_write.o)

.debug_str      0x0000000000000000     0x1b68
 *(.debug_str)
 .debug_str     0x0000000000000000      0x1e8 obj/default/hello_world_small.o
                                        0x23a (size before relaxing)
 .debug_str     0x00000000000001e8      0x148 c:/intelfpga_lite/18.1/nios2eds/bin/gnu/h-x86_64-mingw32/bin/../lib/gcc/nios2-elf/5.3.0/mno-hw-mul\libgcc.a(lib2-mul.o)
                                        0x193 (size before relaxing)
 .debug_str     0x0000000000000330      0x150 ../ADS131A0x_NIOS_bsp/\libhal_bsp.a(alt_iic.o)
                                        0x274 (size before relaxing)
 .debug_str     0x0000000000000480       0x37 ../ADS131A0x_NIOS_bsp/\libhal_bsp.a(alt_iic_isr_register.o)
                                        0x22e (size before relaxing)
 .debug_str     0x00000000000004b7       0x3a ../ADS131A0x_NIOS_bsp/\libhal_bsp.a(alt_irq_handler.o)
                                        0x1b8 (size before relaxing)
 .debug_str     0x00000000000004f1       0x17 ../ADS131A0x_NIOS_bsp/\libhal_bsp.a(alt_irq_vars.o)
                                        0x15b (size before relaxing)
 .debug_str     0x0000000000000508      0x113 ../ADS131A0x_NIOS_bsp/\libhal_bsp.a(alt_load.o)
                                        0x25d (size before relaxing)
 .debug_str     0x000000000000061b       0x8a ../ADS131A0x_NIOS_bsp/\libhal_bsp.a(alt_main.o)
                                        0x1d6 (size before relaxing)
 .debug_str     0x00000000000006a5      0x379 ../ADS131A0x_NIOS_bsp/\libhal_bsp.a(alt_putstr.o)
                                        0x52a (size before relaxing)
 .debug_str     0x0000000000000a1e       0x2f ../ADS131A0x_NIOS_bsp/\libhal_bsp.a(alt_usleep.o)
                                        0x178 (size before relaxing)
 .debug_str     0x0000000000000a4d      0x200 ../ADS131A0x_NIOS_bsp/\libhal_bsp.a(alt_sys_init.o)
                                        0x3f8 (size before relaxing)
 .debug_str     0x0000000000000c4d      0x130 ../ADS131A0x_NIOS_bsp/\libhal_bsp.a(altera_avalon_jtag_uart_fd.o)
                                        0x43c (size before relaxing)
 .debug_str     0x0000000000000d7d       0xa6 ../ADS131A0x_NIOS_bsp/\libhal_bsp.a(altera_avalon_jtag_uart_init.o)
                                        0x37d (size before relaxing)
 .debug_str     0x0000000000000e23       0x2c ../ADS131A0x_NIOS_bsp/\libhal_bsp.a(altera_avalon_jtag_uart_ioctl.o)
                                        0x2b4 (size before relaxing)
 .debug_str     0x0000000000000e4f       0x32 ../ADS131A0x_NIOS_bsp/\libhal_bsp.a(altera_avalon_jtag_uart_read.o)
                                        0x310 (size before relaxing)
 .debug_str     0x0000000000000e81       0x2c ../ADS131A0x_NIOS_bsp/\libhal_bsp.a(altera_avalon_jtag_uart_write.o)
                                        0x311 (size before relaxing)
 .debug_str     0x0000000000000ead       0x74 ../ADS131A0x_NIOS_bsp/\libhal_bsp.a(altera_avalon_spi.o)
                                        0x201 (size before relaxing)
 .debug_str     0x0000000000000f21       0x49 ../ADS131A0x_NIOS_bsp/\libhal_bsp.a(alt_alarm_start.o)
                                        0x29f (size before relaxing)
 .debug_str     0x0000000000000f6a       0x33 ../ADS131A0x_NIOS_bsp/\libhal_bsp.a(alt_busy_sleep.o)
                                        0x18c (size before relaxing)
 .debug_str     0x0000000000000f9d       0x1f ../ADS131A0x_NIOS_bsp/\libhal_bsp.a(alt_dcache_flush_all.o)
                                        0x176 (size before relaxing)
 .debug_str     0x0000000000000fbc      0x11e ../ADS131A0x_NIOS_bsp/\libhal_bsp.a(alt_dev.o)
                                        0x326 (size before relaxing)
 .debug_str     0x00000000000010da       0x37 ../ADS131A0x_NIOS_bsp/\libhal_bsp.a(alt_dev_llist_insert.o)
                                        0x1ed (size before relaxing)
 .debug_str     0x0000000000001111       0x14 ../ADS131A0x_NIOS_bsp/\libhal_bsp.a(alt_errno.o)
                                        0x166 (size before relaxing)
 .debug_str     0x0000000000001125       0x1f ../ADS131A0x_NIOS_bsp/\libhal_bsp.a(alt_icache_flush_all.o)
                                        0x176 (size before relaxing)
 .debug_str     0x0000000000001144      0x48b ../ADS131A0x_NIOS_bsp/\libhal_bsp.a(alt_instruction_exception_entry.o)
                                        0x5c1 (size before relaxing)
 .debug_str     0x00000000000015cf       0x4a ../ADS131A0x_NIOS_bsp/\libhal_bsp.a(alt_tick.o)
                                        0x273 (size before relaxing)
 .debug_str     0x0000000000001619       0x20 ../ADS131A0x_NIOS_bsp/\libhal_bsp.a(altera_nios2_gen2_irq.o)
                                        0x17d (size before relaxing)
 .debug_str     0x0000000000001639      0x19e c:/intelfpga_lite/18.1/nios2eds/bin/gnu/h-x86_64-mingw32/bin/../lib/gcc/nios2-elf/5.3.0/../../../../../H-x86_64-mingw32/nios2-elf/lib/mno-hw-mul\libsmallc.a(lib_a-fputs.o)
                                        0x4cc (size before relaxing)
 .debug_str     0x00000000000017d7       0x63 c:/intelfpga_lite/18.1/nios2eds/bin/gnu/h-x86_64-mingw32/bin/../lib/gcc/nios2-elf/5.3.0/../../../../../H-x86_64-mingw32/nios2-elf/lib/mno-hw-mul\libsmallc.a(lib_a-fvwrite_small_dev.o)
                                        0x4d4 (size before relaxing)
 .debug_str     0x000000000000183a       0xef c:/intelfpga_lite/18.1/nios2eds/bin/gnu/h-x86_64-mingw32/bin/../lib/gcc/nios2-elf/5.3.0/../../../../../H-x86_64-mingw32/nios2-elf/lib/mno-hw-mul\libsmallc.a(lib_a-impure.o)
                                        0x4be (size before relaxing)
 .debug_str     0x0000000000001929       0x3f c:/intelfpga_lite/18.1/nios2eds/bin/gnu/h-x86_64-mingw32/bin/../lib/gcc/nios2-elf/5.3.0/../../../../../H-x86_64-mingw32/nios2-elf/lib/mno-hw-mul\libsmallc.a(lib_a-int_errno.o)
                                        0x1d8 (size before relaxing)
 .debug_str     0x0000000000001968       0xe6 c:/intelfpga_lite/18.1/nios2eds/bin/gnu/h-x86_64-mingw32/bin/../lib/gcc/nios2-elf/5.3.0/../../../../../H-x86_64-mingw32/nios2-elf/lib/mno-hw-mul\libsmallc.a(lib_a-memcpy.o)
                                        0x1f3 (size before relaxing)
 .debug_str     0x0000000000001a4e       0x3d c:/intelfpga_lite/18.1/nios2eds/bin/gnu/h-x86_64-mingw32/bin/../lib/gcc/nios2-elf/5.3.0/../../../../../H-x86_64-mingw32/nios2-elf/lib/mno-hw-mul\libsmallc.a(lib_a-strlen.o)
                                        0x1e5 (size before relaxing)
 .debug_str     0x0000000000001a8b       0x45 c:/intelfpga_lite/18.1/nios2eds/bin/gnu/h-x86_64-mingw32/bin/../lib/gcc/nios2-elf/5.3.0/../../../../../H-x86_64-mingw32/nios2-elf/lib/mno-hw-mul\libsmallc.a(lib_a-writer.o)
                                        0x4b8 (size before relaxing)
 .debug_str     0x0000000000001ad0       0x7f c:/intelfpga_lite/18.1/nios2eds/bin/gnu/h-x86_64-mingw32/bin/../lib/gcc/nios2-elf/5.3.0/mno-hw-mul\libgcc.a(lib2-divmod.o)
                                        0x1d2 (size before relaxing)
 .debug_str     0x0000000000001b4f       0x19 ../ADS131A0x_NIOS_bsp/\libhal_bsp.a(alt_write.o)
                                        0x319 (size before relaxing)

.debug_loc      0x0000000000000000     0x18cc
 *(.debug_loc)
 .debug_loc     0x0000000000000000      0x110 obj/default/hello_world_small.o
 .debug_loc     0x0000000000000110       0x93 c:/intelfpga_lite/18.1/nios2eds/bin/gnu/h-x86_64-mingw32/bin/../lib/gcc/nios2-elf/5.3.0/mno-hw-mul\libgcc.a(lib2-mul.o)
 .debug_loc     0x00000000000001a3      0x170 ../ADS131A0x_NIOS_bsp/\libhal_bsp.a(alt_iic.o)
 .debug_loc     0x0000000000000313      0x193 ../ADS131A0x_NIOS_bsp/\libhal_bsp.a(alt_iic_isr_register.o)
 .debug_loc     0x00000000000004a6       0x72 ../ADS131A0x_NIOS_bsp/\libhal_bsp.a(alt_irq_handler.o)
 .debug_loc     0x0000000000000518       0x21 ../ADS131A0x_NIOS_bsp/\libhal_bsp.a(alt_putstr.o)
 .debug_loc     0x0000000000000539       0x21 ../ADS131A0x_NIOS_bsp/\libhal_bsp.a(alt_usleep.o)
 .debug_loc     0x000000000000055a       0x21 ../ADS131A0x_NIOS_bsp/\libhal_bsp.a(alt_sys_init.o)
 .debug_loc     0x000000000000057b      0x1d3 ../ADS131A0x_NIOS_bsp/\libhal_bsp.a(altera_avalon_jtag_uart_fd.o)
 .debug_loc     0x000000000000074e      0x11e ../ADS131A0x_NIOS_bsp/\libhal_bsp.a(altera_avalon_jtag_uart_init.o)
 .debug_loc     0x000000000000086c       0xb8 ../ADS131A0x_NIOS_bsp/\libhal_bsp.a(altera_avalon_jtag_uart_ioctl.o)
 .debug_loc     0x0000000000000924      0x138 ../ADS131A0x_NIOS_bsp/\libhal_bsp.a(altera_avalon_jtag_uart_read.o)
 .debug_loc     0x0000000000000a5c      0x176 ../ADS131A0x_NIOS_bsp/\libhal_bsp.a(altera_avalon_jtag_uart_write.o)
 .debug_loc     0x0000000000000bd2      0x188 ../ADS131A0x_NIOS_bsp/\libhal_bsp.a(altera_avalon_spi.o)
 .debug_loc     0x0000000000000d5a       0xaf ../ADS131A0x_NIOS_bsp/\libhal_bsp.a(alt_alarm_start.o)
 .debug_loc     0x0000000000000e09       0x67 ../ADS131A0x_NIOS_bsp/\libhal_bsp.a(alt_busy_sleep.o)
 .debug_loc     0x0000000000000e70       0x7e ../ADS131A0x_NIOS_bsp/\libhal_bsp.a(alt_dev_llist_insert.o)
 .debug_loc     0x0000000000000eee       0x65 ../ADS131A0x_NIOS_bsp/\libhal_bsp.a(alt_instruction_exception_entry.o)
 .debug_loc     0x0000000000000f53       0x75 ../ADS131A0x_NIOS_bsp/\libhal_bsp.a(alt_tick.o)
 .debug_loc     0x0000000000000fc8       0x6b c:/intelfpga_lite/18.1/nios2eds/bin/gnu/h-x86_64-mingw32/bin/../lib/gcc/nios2-elf/5.3.0/../../../../../H-x86_64-mingw32/nios2-elf/lib/mno-hw-mul\libsmallc.a(lib_a-fputs.o)
 .debug_loc     0x0000000000001033      0x110 c:/intelfpga_lite/18.1/nios2eds/bin/gnu/h-x86_64-mingw32/bin/../lib/gcc/nios2-elf/5.3.0/../../../../../H-x86_64-mingw32/nios2-elf/lib/mno-hw-mul\libsmallc.a(lib_a-fvwrite_small_dev.o)
 .debug_loc     0x0000000000001143      0x135 c:/intelfpga_lite/18.1/nios2eds/bin/gnu/h-x86_64-mingw32/bin/../lib/gcc/nios2-elf/5.3.0/../../../../../H-x86_64-mingw32/nios2-elf/lib/mno-hw-mul\libsmallc.a(lib_a-memcpy.o)
 .debug_loc     0x0000000000001278       0x1e c:/intelfpga_lite/18.1/nios2eds/bin/gnu/h-x86_64-mingw32/bin/../lib/gcc/nios2-elf/5.3.0/../../../../../H-x86_64-mingw32/nios2-elf/lib/mno-hw-mul\libsmallc.a(lib_a-strlen.o)
 .debug_loc     0x0000000000001296       0xa5 c:/intelfpga_lite/18.1/nios2eds/bin/gnu/h-x86_64-mingw32/bin/../lib/gcc/nios2-elf/5.3.0/../../../../../H-x86_64-mingw32/nios2-elf/lib/mno-hw-mul\libsmallc.a(lib_a-writer.o)
 .debug_loc     0x000000000000133b      0x4ce c:/intelfpga_lite/18.1/nios2eds/bin/gnu/h-x86_64-mingw32/bin/../lib/gcc/nios2-elf/5.3.0/mno-hw-mul\libgcc.a(lib2-divmod.o)
 .debug_loc     0x0000000000001809       0xc3 ../ADS131A0x_NIOS_bsp/\libhal_bsp.a(alt_write.o)

.debug_macinfo
 *(.debug_macinfo)

.debug_weaknames
 *(.debug_weaknames)

.debug_funcnames
 *(.debug_funcnames)

.debug_typenames
 *(.debug_typenames)

.debug_varnames
 *(.debug_varnames)

.debug_alt_sim_info
                0x0000000000000000       0x40
 *(.debug_alt_sim_info)
 .debug_alt_sim_info
                0x0000000000000000       0x10 ../ADS131A0x_NIOS_bsp//obj/HAL/src/crt0.o
 .debug_alt_sim_info
                0x0000000000000010       0x30 ../ADS131A0x_NIOS_bsp/\libhal_bsp.a(alt_busy_sleep.o)
                0x000000000001a000                __alt_data_end = 0x1a000
                0x000000000001a000                PROVIDE (__alt_stack_pointer, __alt_data_end)
                [!provide]                        PROVIDE (__alt_stack_limit, __alt_stack_base)
                [!provide]                        PROVIDE (__alt_heap_start, end)
                [!provide]                        PROVIDE (__alt_heap_limit, 0x1a000)
OUTPUT(ADS131A0x_NIOS.elf elf32-littlenios2)

.debug_ranges   0x0000000000000000      0x260
 .debug_ranges  0x0000000000000000       0x20 ../ADS131A0x_NIOS_bsp//obj/HAL/src/crt0.o
 .debug_ranges  0x0000000000000020       0x18 obj/default/hello_world_small.o
 .debug_ranges  0x0000000000000038       0x28 ../ADS131A0x_NIOS_bsp/\libhal_bsp.a(alt_irq_entry.o)
 .debug_ranges  0x0000000000000060       0x10 ../ADS131A0x_NIOS_bsp/\libhal_bsp.a(alt_irq_handler.o)
 .debug_ranges  0x0000000000000070       0x48 ../ADS131A0x_NIOS_bsp/\libhal_bsp.a(alt_load.o)
 .debug_ranges  0x00000000000000b8       0x18 ../ADS131A0x_NIOS_bsp/\libhal_bsp.a(alt_sys_init.o)
 .debug_ranges  0x00000000000000d0       0x30 ../ADS131A0x_NIOS_bsp/\libhal_bsp.a(altera_avalon_jtag_uart_init.o)
 .debug_ranges  0x0000000000000100       0x18 ../ADS131A0x_NIOS_bsp/\libhal_bsp.a(altera_avalon_jtag_uart_read.o)
 .debug_ranges  0x0000000000000118       0x18 ../ADS131A0x_NIOS_bsp/\libhal_bsp.a(altera_avalon_jtag_uart_write.o)
 .debug_ranges  0x0000000000000130       0x20 ../ADS131A0x_NIOS_bsp/\libhal_bsp.a(alt_dev_llist_insert.o)
 .debug_ranges  0x0000000000000150       0x30 ../ADS131A0x_NIOS_bsp/\libhal_bsp.a(alt_exception_entry.o)
 .debug_ranges  0x0000000000000180       0x18 ../ADS131A0x_NIOS_bsp/\libhal_bsp.a(alt_instruction_exception_entry.o)
 .debug_ranges  0x0000000000000198       0x10 c:/intelfpga_lite/18.1/nios2eds/bin/gnu/h-x86_64-mingw32/bin/../lib/gcc/nios2-elf/5.3.0/../../../../../H-x86_64-mingw32/nios2-elf/lib/mno-hw-mul\libsmallc.a(lib_a-fputs.o)
 .debug_ranges  0x00000000000001a8       0x28 c:/intelfpga_lite/18.1/nios2eds/bin/gnu/h-x86_64-mingw32/bin/../lib/gcc/nios2-elf/5.3.0/../../../../../H-x86_64-mingw32/nios2-elf/lib/mno-hw-mul\libsmallc.a(lib_a-fvwrite_small_dev.o)
 .debug_ranges  0x00000000000001d0       0x10 c:/intelfpga_lite/18.1/nios2eds/bin/gnu/h-x86_64-mingw32/bin/../lib/gcc/nios2-elf/5.3.0/../../../../../H-x86_64-mingw32/nios2-elf/lib/mno-hw-mul\libsmallc.a(lib_a-memcpy.o)
 .debug_ranges  0x00000000000001e0       0x10 c:/intelfpga_lite/18.1/nios2eds/bin/gnu/h-x86_64-mingw32/bin/../lib/gcc/nios2-elf/5.3.0/../../../../../H-x86_64-mingw32/nios2-elf/lib/mno-hw-mul\libsmallc.a(lib_a-strlen.o)
 .debug_ranges  0x00000000000001f0       0x10 c:/intelfpga_lite/18.1/nios2eds/bin/gnu/h-x86_64-mingw32/bin/../lib/gcc/nios2-elf/5.3.0/../../../../../H-x86_64-mingw32/nios2-elf/lib/mno-hw-mul\libsmallc.a(lib_a-writer.o)
 .debug_ranges  0x0000000000000200       0x60 c:/intelfpga_lite/18.1/nios2eds/bin/gnu/h-x86_64-mingw32/bin/../lib/gcc/nios2-elf/5.3.0/mno-hw-mul\libgcc.a(lib2-divmod.o)
